Archive member included to satisfy reference by file (symbol)

c:/users/kevpy/quartus/nios2eds/bin/gnu/h-x86_64-mingw32/bin/../lib/gcc/nios2-elf/5.3.0/mno-hw-mul\libgcc.a(divdf3.o)
                              obj/default/main.o (__divdf3)
c:/users/kevpy/quartus/nios2eds/bin/gnu/h-x86_64-mingw32/bin/../lib/gcc/nios2-elf/5.3.0/mno-hw-mul\libgcc.a(floatsidf.o)
                              obj/default/main.o (__floatsidf)
c:/users/kevpy/quartus/nios2eds/bin/gnu/h-x86_64-mingw32/bin/../lib/gcc/nios2-elf/5.3.0/mno-hw-mul\libgcc.a(floatunsidf.o)
                              obj/default/main.o (__floatunsidf)
c:/users/kevpy/quartus/nios2eds/bin/gnu/h-x86_64-mingw32/bin/../lib/gcc/nios2-elf/5.3.0/mno-hw-mul\libgcc.a(_clzsi2.o)
                              c:/users/kevpy/quartus/nios2eds/bin/gnu/h-x86_64-mingw32/bin/../lib/gcc/nios2-elf/5.3.0/mno-hw-mul\libgcc.a(divdf3.o) (__clzsi2)
c:/users/kevpy/quartus/nios2eds/bin/gnu/h-x86_64-mingw32/bin/../lib/gcc/nios2-elf/5.3.0/mno-hw-mul\libgcc.a(lib2-divmod.o)
                              c:/users/kevpy/quartus/nios2eds/bin/gnu/h-x86_64-mingw32/bin/../lib/gcc/nios2-elf/5.3.0/mno-hw-mul\libgcc.a(divdf3.o) (__udivsi3)
c:/users/kevpy/quartus/nios2eds/bin/gnu/h-x86_64-mingw32/bin/../lib/gcc/nios2-elf/5.3.0/mno-hw-mul\libgcc.a(lib2-mul.o)
                              c:/users/kevpy/quartus/nios2eds/bin/gnu/h-x86_64-mingw32/bin/../lib/gcc/nios2-elf/5.3.0/mno-hw-mul\libgcc.a(divdf3.o) (__mulsi3)
c:/users/kevpy/quartus/nios2eds/bin/gnu/h-x86_64-mingw32/bin/../lib/gcc/nios2-elf/5.3.0/mno-hw-mul\libgcc.a(_clz.o)
                              c:/users/kevpy/quartus/nios2eds/bin/gnu/h-x86_64-mingw32/bin/../lib/gcc/nios2-elf/5.3.0/mno-hw-mul\libgcc.a(_clzsi2.o) (__clz_tab)
c:/users/kevpy/quartus/nios2eds/bin/gnu/h-x86_64-mingw32/bin/../lib/gcc/nios2-elf/5.3.0/../../../../../H-x86_64-mingw32/nios2-elf/lib/mno-hw-mul\libc.a(lib_a-clock.o)
                              obj/default/main.o (clock)
c:/users/kevpy/quartus/nios2eds/bin/gnu/h-x86_64-mingw32/bin/../lib/gcc/nios2-elf/5.3.0/../../../../../H-x86_64-mingw32/nios2-elf/lib/mno-hw-mul\libc.a(lib_a-impure.o)
                              c:/users/kevpy/quartus/nios2eds/bin/gnu/h-x86_64-mingw32/bin/../lib/gcc/nios2-elf/5.3.0/../../../../../H-x86_64-mingw32/nios2-elf/lib/mno-hw-mul\libc.a(lib_a-clock.o) (_impure_ptr)
c:/users/kevpy/quartus/nios2eds/bin/gnu/h-x86_64-mingw32/bin/../lib/gcc/nios2-elf/5.3.0/../../../../../H-x86_64-mingw32/nios2-elf/lib/mno-hw-mul\libc.a(lib_a-memcpy.o)
                              obj/default/main.o (memcpy)
c:/users/kevpy/quartus/nios2eds/bin/gnu/h-x86_64-mingw32/bin/../lib/gcc/nios2-elf/5.3.0/../../../../../H-x86_64-mingw32/nios2-elf/lib/mno-hw-mul\libc.a(lib_a-memset.o)
                              obj/default/main.o (memset)
c:/users/kevpy/quartus/nios2eds/bin/gnu/h-x86_64-mingw32/bin/../lib/gcc/nios2-elf/5.3.0/../../../../../H-x86_64-mingw32/nios2-elf/lib/mno-hw-mul\libc.a(lib_a-printf.o)
                              obj/default/main.o (printf)
c:/users/kevpy/quartus/nios2eds/bin/gnu/h-x86_64-mingw32/bin/../lib/gcc/nios2-elf/5.3.0/../../../../../H-x86_64-mingw32/nios2-elf/lib/mno-hw-mul\libc.a(lib_a-putchar.o)
                              obj/default/main.o (putchar)
c:/users/kevpy/quartus/nios2eds/bin/gnu/h-x86_64-mingw32/bin/../lib/gcc/nios2-elf/5.3.0/../../../../../H-x86_64-mingw32/nios2-elf/lib/mno-hw-mul\libc.a(lib_a-puts.o)
                              obj/default/main.o (puts)
c:/users/kevpy/quartus/nios2eds/bin/gnu/h-x86_64-mingw32/bin/../lib/gcc/nios2-elf/5.3.0/../../../../../H-x86_64-mingw32/nios2-elf/lib/mno-hw-mul\libc.a(lib_a-scanf.o)
                              obj/default/main.o (scanf)
c:/users/kevpy/quartus/nios2eds/bin/gnu/h-x86_64-mingw32/bin/../lib/gcc/nios2-elf/5.3.0/../../../../../H-x86_64-mingw32/nios2-elf/lib/mno-hw-mul\libc.a(lib_a-strlen.o)
                              c:/users/kevpy/quartus/nios2eds/bin/gnu/h-x86_64-mingw32/bin/../lib/gcc/nios2-elf/5.3.0/../../../../../H-x86_64-mingw32/nios2-elf/lib/mno-hw-mul\libc.a(lib_a-puts.o) (strlen)
c:/users/kevpy/quartus/nios2eds/bin/gnu/h-x86_64-mingw32/bin/../lib/gcc/nios2-elf/5.3.0/../../../../../H-x86_64-mingw32/nios2-elf/lib/mno-hw-mul\libc.a(lib_a-timesr.o)
                              c:/users/kevpy/quartus/nios2eds/bin/gnu/h-x86_64-mingw32/bin/../lib/gcc/nios2-elf/5.3.0/../../../../../H-x86_64-mingw32/nios2-elf/lib/mno-hw-mul\libc.a(lib_a-clock.o) (_times_r)
c:/users/kevpy/quartus/nios2eds/bin/gnu/h-x86_64-mingw32/bin/../lib/gcc/nios2-elf/5.3.0/../../../../../H-x86_64-mingw32/nios2-elf/lib/mno-hw-mul\libc.a(lib_a-vfprintf.o)
                              c:/users/kevpy/quartus/nios2eds/bin/gnu/h-x86_64-mingw32/bin/../lib/gcc/nios2-elf/5.3.0/../../../../../H-x86_64-mingw32/nios2-elf/lib/mno-hw-mul\libc.a(lib_a-printf.o) (___vfprintf_internal_r)
c:/users/kevpy/quartus/nios2eds/bin/gnu/h-x86_64-mingw32/bin/../lib/gcc/nios2-elf/5.3.0/../../../../../H-x86_64-mingw32/nios2-elf/lib/mno-hw-mul\libc.a(lib_a-vfscanf.o)
[...]
Memory Configuration

Name             Origin             Length             Attributes
onchip_memory2_0 0x0000000000000000 0x0000000000000010
reset            0x0000000010000000 0x0000000000000020
sdram            0x0000000010000020 0x0000000007ffffe0
*default*        0x0000000000000000 0xffffffffffffffff

Linker script and memory map

LOAD ../lab9Newsoftware_bsp//obj/HAL/src/crt0.o
LOAD obj/default/main.o
LOAD c:/users/kevpy/quartus/nios2eds/bin/gnu/h-x86_64-mingw32/bin/../lib/gcc/nios2-elf/5.3.0/../../../../../H-x86_64-mingw32/nios2-elf/lib/mno-hw-mul\libstdc++.a
LOAD c:/users/kevpy/quartus/nios2eds/bin/gnu/h-x86_64-mingw32/bin/../lib/gcc/nios2-elf/5.3.0/../../../../../H-x86_64-mingw32/nios2-elf/lib/mno-hw-mul\libm.a
LOAD c:/users/kevpy/quartus/nios2eds/bin/gnu/h-x86_64-mingw32/bin/../lib/gcc/nios2-elf/5.3.0/mno-hw-mul\libgcc.a
START GROUP
LOAD c:/users/kevpy/quartus/nios2eds/bin/gnu/h-x86_64-mingw32/bin/../lib/gcc/nios2-elf/5.3.0/../../../../../H-x86_64-mingw32/nios2-elf/lib/mno-hw-mul\libc.a
LOAD c:/users/kevpy/quartus/nios2eds/bin/gnu/h-x86_64-mingw32/bin/../lib/gcc/nios2-elf/5.3.0/mno-hw-mul\libgcc.a
LOAD ../lab9Newsoftware_bsp/\libhal_bsp.a
LOAD c:/users/kevpy/quartus/nios2eds/bin/gnu/h-x86_64-mingw32/bin/../lib/gcc/nios2-elf/5.3.0/../../../../../H-x86_64-mingw32/nios2-elf/lib/mno-hw-mul\libm.a
END GROUP
LOAD c:/users/kevpy/quartus/nios2eds/bin/gnu/h-x86_64-mingw32/bin/../lib/gcc/nios2-elf/5.3.0/mno-hw-mul\libgcc.a
                0x0000000000000000                __alt_mem_onchip_memory2_0 = 0x0
                0x0000000010000000                __alt_mem_sdram = 0x10000000

.entry          0x0000000010000000       0x20
 *(.entry)
 .entry         0x0000000010000000       0x20 ../lab9Newsoftware_bsp//obj/HAL/src/crt0.o
                0x0000000010000000                __reset

.exceptions     0x0000000010000020      0x210
                0x0000000010000020                PROVIDE (__ram_exceptions_start, ABSOLUTE (.))
                0x0000000010000020                . = ALIGN (0x20)
 *(.irq)
 *(.exceptions.entry.label)
 .exceptions.entry.label
                0x0000000010000020        0x0 ../lab9Newsoftware_bsp/\libhal_bsp.a(alt_irq_entry.o)
                0x0000000010000020                alt_irq_entry
 .exceptions.entry.label
                0x0000000010000020        0x0 ../lab9Newsoftware_bsp/\libhal_bsp.a(alt_exception_entry.o)
                0x0000000010000020                alt_exception
 *(.exceptions.entry.user)
 *(.exceptions.entry.ecc_fatal)
 *(.exceptions.entry)
 .exceptions.entry
                0x0000000010000020       0x54 ../lab9Newsoftware_bsp/\libhal_bsp.a(alt_exception_entry.o)
 *(.exceptions.irqtest.user)
 *(.exceptions.irqtest)
 .exceptions.irqtest
                0x0000000010000074       0x10 ../lab9Newsoftware_bsp/\libhal_bsp.a(alt_irq_entry.o)
 *(.exceptions.irqhandler.user)
 *(.exceptions.irqhandler)
 .exceptions.irqhandler
                0x0000000010000084        0x4 ../lab9Newsoftware_bsp/\libhal_bsp.a(alt_irq_entry.o)
 *(.exceptions.irqreturn.user)
 *(.exceptions.irqreturn)
 .exceptions.irqreturn
                0x0000000010000088        0x4 ../lab9Newsoftware_bsp/\libhal_bsp.a(alt_irq_entry.o)
 *(.exceptions.notirq.label)
 .exceptions.notirq.label
                0x000000001000008c        0x0 ../lab9Newsoftware_bsp/\libhal_bsp.a(alt_irq_entry.o)
 *(.exceptions.notirq.user)
 *(.exceptions.notirq)
 .exceptions.notirq
                0x000000001000008c        0x8 ../lab9Newsoftware_bsp/\libhal_bsp.a(alt_exception_entry.o)
 *(.exceptions.soft.user)
 *(.exceptions.soft)
 *(.exceptions.unknown.user)
 *(.exceptions.unknown)
 .exceptions.unknown
                0x0000000010000094       0x14 ../lab9Newsoftware_bsp/\libhal_bsp.a(alt_exception_entry.o)
 *(.exceptions.exit.label)
 .exceptions.exit.label
                0x00000000100000a8        0x0 ../lab9Newsoftware_bsp/\libhal_bsp.a(alt_irq_entry.o)
 .exceptions.exit.label
                0x00000000100000a8        0x0 ../lab9Newsoftware_bsp/\libhal_bsp.a(alt_exception_entry.o)
 *(.exceptions.exit.user)
 *(.exceptions.exit)
 .exceptions.exit
                0x00000000100000a8       0x54 ../lab9Newsoftware_bsp/\libhal_bsp.a(alt_exception_entry.o)
 *(.exceptions)
 .exceptions    0x00000000100000fc       0xd4 ../lab9Newsoftware_bsp/\libhal_bsp.a(alt_irq_handler.o)
                0x00000000100000fc                alt_irq_handler
 .exceptions    0x00000000100001d0       0x60 ../lab9Newsoftware_bsp/\libhal_bsp.a(alt_instruction_exception_entry.o)
                0x00000000100001d0                alt_instruction_exception_entry
                0x0000000010000230                PROVIDE (__ram_exceptions_end, ABSOLUTE (.))
                0x0000000010000020                PROVIDE (__flash_exceptions_start, LOADADDR (.exceptions))

.text           0x0000000010000230    0x19ddc
                [!provide]                        PROVIDE (stext, ABSOLUTE (.))
 *(.interp)
 *(.hash)
 *(.dynsym)
 *(.dynstr)
 *(.gnu.version)
 *(.gnu.version_d)
 *(.gnu.version_r)
 *(.rel.init)
 *(.rela.init)
 *(.rel.text .rel.text.* .rel.gnu.linkonce.t.*)
 *(.rela.text .rela.text.* .rela.gnu.linkonce.t.*)
 *(.rel.fini)
 *(.rela.fini)
 *(.rel.rodata .rel.rodata.* .rel.gnu.linkonce.r.*)
 *(.rela.rodata .rela.rodata.* .rela.gnu.linkonce.r.*)
 *(.rel.data .rel.data.* .rel.gnu.linkonce.d.*)
 *(.rela.data .rela.data.* .rela.gnu.linkonce.d.*)
 *(.rel.tdata .rel.tdata.* .rel.gnu.linkonce.td.*)
 *(.rela.tdata .rela.tdata.* .rela.gnu.linkonce.td.*)
 *(.rel.tbss .rel.tbss.* .rel.gnu.linkonce.tb.*)
 *(.rela.tbss .rela.tbss.* .rela.gnu.linkonce.tb.*)
 *(.rel.ctors)
 *(.rela.ctors)
 *(.rel.dtors)
 *(.rela.dtors)
 *(.rel.got)
 *(.rela.got)
 *(.rel.sdata .rel.sdata.* .rel.gnu.linkonce.s.*)
 *(.rela.sdata .rela.sdata.* .rela.gnu.linkonce.s.*)
 *(.rel.sbss .rel.sbss.* .rel.gnu.linkonce.sb.*)
 *(.rela.sbss .rela.sbss.* .rela.gnu.linkonce.sb.*)
 *(.rel.sdata2 .rel.sdata2.* .rel.gnu.linkonce.s2.*)
 *(.rela.sdata2 .rela.sdata2.* .rela.gnu.linkonce.s2.*)
 *(.rel.sbss2 .rel.sbss2.* .rel.gnu.linkonce.sb2.*)
 *(.rela.sbss2 .rela.sbss2.* .rela.gnu.linkonce.sb2.*)
 *(.rel.bss .rel.bss.* .rel.gnu.linkonce.b.*)
 *(.rela.bss .rela.bss.* .rela.gnu.linkonce.b.*)
 *(.rel.plt)
 *(.rela.plt)
 *(.rel.dyn)
 *(.init)
 *(.plt)
 *(.text .stub .text.* .gnu.linkonce.t.*)
 .text          0x0000000010000230       0x3c ../lab9Newsoftware_bsp//obj/HAL/src/crt0.o
                0x0000000010000230                _start
 .text          0x000000001000026c     0x1348 obj/default/main.o
                0x000000001000026c                RotateWord
                0x0000000010000310                SubBytesButOnly4
                0x00000000100003b8                KeyExpansion
                0x0000000010000670                SubBytes
                0x0000000010000718                AddRoundKey
                0x0000000010000794                ShiftRows
                0x0000000010000938                m2
                0x0000000010000990                m3
                0x00000000100009d4                MixColumns
                0x0000000010000d38                charToHex
                0x0000000010000df4                charsToHex
                0x0000000010000e5c                encrypt
                0x00000000100011d0                decrypt
                0x00000000100011fc                main
 .text          0x00000000100015b4      0x9d0 c:/users/kevpy/quartus/nios2eds/bin/gnu/h-x86_64-mingw32/bin/../lib/gcc/nios2-elf/5.3.0/mno-hw-mul\libgcc.a(divdf3.o)
                0x00000000100015b4                __divdf3
 .text          0x0000000010001f84       0xdc c:/users/kevpy/quartus/nios2eds/bin/gnu/h-x86_64-mingw32/bin/../lib/gcc/nios2-elf/5.3.0/mno-hw-mul\libgcc.a(floatsidf.o)
                0x0000000010001f84                __floatsidf
 .text          0x0000000010002060       0xa8 c:/users/kevpy/quartus/nios2eds/bin/gnu/h-x86_64-mingw32/bin/../lib/gcc/nios2-elf/5.3.0/mno-hw-mul\libgcc.a(floatunsidf.o)
                0x0000000010002060                __floatunsidf
 .text          0x0000000010002108       0x64 c:/users/kevpy/quartus/nios2eds/bin/gnu/h-x86_64-mingw32/bin/../lib/gcc/nios2-elf/5.3.0/mno-hw-mul\libgcc.a(_clzsi2.o)
                0x0000000010002108                __clzsi2
 .text          0x000000001000216c      0x1b4 c:/users/kevpy/quartus/nios2eds/bin/gnu/h-x86_64-mingw32/bin/../lib/gcc/nios2-elf/5.3.0/mno-hw-mul\libgcc.a(lib2-divmod.o)
                0x000000001000216c                __divsi3
                0x00000000100021f0                __modsi3
                0x0000000010002264                __udivsi3
                0x00000000100022c8                __umodsi3
 .text          0x0000000010002320       0x28 c:/users/kevpy/quartus/nios2eds/bin/gnu/h-x86_64-mingw32/bin/../lib/gcc/nios2-elf/5.3.0/mno-hw-mul\libgcc.a(lib2-mul.o)
                0x0000000010002320                __mulsi3
 .text          0x0000000010002348        0x0 c:/users/kevpy/quartus/nios2eds/bin/gnu/h-x86_64-mingw32/bin/../lib/gcc/nios2-elf/5.3.0/mno-hw-mul\libgcc.a(_clz.o)
 .text          0x0000000010002348        0x0 c:/users/kevpy/quartus/nios2eds/bin/gnu/h-x86_64-mingw32/bin/../lib/gcc/nios2-elf/5.3.0/../../../../../H-x86_64-mingw32/nios2-elf/lib/mno-hw-mul\libc.a(lib_a-clock.o)
 .text.clock    0x0000000010002348       0x4c c:/users/kevpy/quartus/nios2eds/bin/gnu/h-x86_64-mingw32/bin/../lib/gcc/nios2-elf/5.3.0/../../../../../H-x86_64-mingw32/nios2-elf/lib/mno-hw-mul\libc.a(lib_a-clock.o)
                0x0000000010002348                clock
 .text          0x0000000010002394        0x0 c:/users/kevpy/quartus/nios2eds/bin/gnu/h-x86_64-mingw32/bin/../lib/gcc/nios2-elf/5.3.0/../../../../../H-x86_64-mingw32/nios2-elf/lib/mno-hw-mul\libc.a(lib_a-impure.o)
 .text          0x0000000010002394        0x0 c:/users/kevpy/quartus/nios2eds/bin/gnu/h-x86_64-mingw32/bin/../lib/gcc/nios2-elf/5.3.0/../../../../../H-x86_64-mingw32/nios2-elf/lib/mno-hw-mul\libc.a(lib_a-memcpy.o)
 .text.memcpy   0x0000000010002394      0x148 c:/users/kevpy/quartus/nios2eds/bin/gnu/h-x86_64-mingw32/bin/../lib/gcc/nios2-elf/5.3.0/../../../../../H-x86_64-mingw32/nios2-elf/lib/mno-hw-mul\libc.a(lib_a-memcpy.o)
                0x0000000010002394                memcpy
 .text          0x00000000100024dc        0x0 c:/users/kevpy/quartus/nios2eds/bin/gnu/h-x86_64-mingw32/bin/../lib/gcc/nios2-elf/5.3.0/../../../../../H-x86_64-mingw32/nios2-elf/lib/mno-hw-mul\libc.a(lib_a-memset.o)
 .text.memset   0x00000000100024dc      0x128 c:/users/kevpy/quartus/nios2eds/bin/gnu/h-x86_64-mingw32/bin/../lib/gcc/nios2-elf/5.3.0/../../../../../H-x86_64-mingw32/nios2-elf/lib/mno-hw-mul\libc.a(lib_a-memset.o)
                0x00000000100024dc                memset
 .text          0x0000000010002604        0x0 c:/users/kevpy/quartus/nios2eds/bin/gnu/h-x86_64-mingw32/bin/../lib/gcc/nios2-elf/5.3.0/../../../../../H-x86_64-mingw32/nios2-elf/lib/mno-hw-mul\libc.a(lib_a-printf.o)
 .text._printf_r
                0x0000000010002604       0x30 c:/users/kevpy/quartus/nios2eds/bin/gnu/h-x86_64-mingw32/bin/../lib/gcc/nios2-elf/5.3.0/../../../../../H-x86_64-mingw32/nios2-elf/lib/mno-hw-mul\libc.a(lib_a-printf.o)
                0x0000000010002604                _printf_r
 .text.printf   0x0000000010002634       0x3c c:/users/kevpy/quartus/nios2eds/bin/gnu/h-x86_64-mingw32/bin/../lib/gcc/nios2-elf/5.3.0/../../../../../H-x86_64-mingw32/nios2-elf/lib/mno-hw-mul\libc.a(lib_a-printf.o)
                0x0000000010002634                printf
 .text          0x0000000010002670        0x0 c:/users/kevpy/quartus/nios2eds/bin/gnu/h-x86_64-mingw32/bin/../lib/gcc/nios2-elf/5.3.0/../../../../../H-x86_64-mingw32/nios2-elf/lib/mno-hw-mul\libc.a(lib_a-putchar.o)
 .text._putchar_r
                0x0000000010002670        0x8 c:/users/kevpy/quartus/nios2eds/bin/gnu/h-x86_64-mingw32/bin/../lib/gcc/nios2-elf/5.3.0/../../../../../H-x86_64-mingw32/nios2-elf/lib/mno-hw-mul\libc.a(lib_a-putchar.o)
                0x0000000010002670                _putchar_r
 .text.putchar  0x0000000010002678       0x18 c:/users/kevpy/quartus/nios2eds/bin/gnu/h-x86_64-mingw32/bin/../lib/gcc/nios2-elf/5.3.0/../../../../../H-x86_64-mingw32/nios2-elf/lib/mno-hw-mul\libc.a(lib_a-putchar.o)
                0x0000000010002678                putchar
 .text          0x0000000010002690        0x0 c:/users/kevpy/quartus/nios2eds/bin/gnu/h-x86_64-mingw32/bin/../lib/gcc/nios2-elf/5.3.0/../../../../../H-x86_64-mingw32/nios2-elf/lib/mno-hw-mul\libc.a(lib_a-puts.o)
 .text._puts_r  0x0000000010002690       0xc0 c:/users/kevpy/quartus/nios2eds/bin/gnu/h-x86_64-mingw32/bin/../lib/gcc/nios2-elf/5.3.0/../../../../../H-x86_64-mingw32/nios2-elf/lib/mno-hw-mul\libc.a(lib_a-puts.o)
                0x0000000010002690                _puts_r
 .text.puts     0x0000000010002750       0x14 c:/users/kevpy/quartus/nios2eds/bin/gnu/h-x86_64-mingw32/bin/../lib/gcc/nios2-elf/5.3.0/../../../../../H-x86_64-mingw32/nios2-elf/lib/mno-hw-mul\libc.a(lib_a-puts.o)
                0x0000000010002750                puts
 .text          0x0000000010002764        0x0 c:/users/kevpy/quartus/nios2eds/bin/gnu/h-x86_64-mingw32/bin/../lib/gcc/nios2-elf/5.3.0/../../../../../H-x86_64-mingw32/nios2-elf/lib/mno-hw-mul\libc.a(lib_a-scanf.o)
 .text.scanf    0x0000000010002764       0x3c c:/users/kevpy/quartus/nios2eds/bin/gnu/h-x86_64-mingw32/bin/../lib/gcc/nios2-elf/5.3.0/../../../../../H-x86_64-mingw32/nios2-elf/lib/mno-hw-mul\libc.a(lib_a-scanf.o)
                0x0000000010002764                scanf
 .text._scanf_r
                0x00000000100027a0       0x30 c:/users/kevpy/quartus/nios2eds/bin/gnu/h-x86_64-mingw32/bin/../lib/gcc/nios2-elf/5.3.0/../../../../../H-x86_64-mingw32/nios2-elf/lib/mno-hw-mul\libc.a(lib_a-scanf.o)
                0x00000000100027a0                _scanf_r
 .text          0x00000000100027d0        0x0 c:/users/kevpy/quartus/nios2eds/bin/gnu/h-x86_64-mingw32/bin/../lib/gcc/nios2-elf/5.3.0/../../../../../H-x86_64-mingw32/nios2-elf/lib/mno-hw-mul\libc.a(lib_a-strlen.o)
 .text.strlen   0x00000000100027d0       0x98 c:/users/kevpy/quartus/nios2eds/bin/gnu/h-x86_64-mingw32/bin/../lib/gcc/nios2-elf/5.3.0/../../../../../H-x86_64-mingw32/nios2-elf/lib/mno-hw-mul\libc.a(lib_a-strlen.o)
                0x00000000100027d0                strlen
 .text          0x0000000010002868        0x0 c:/users/kevpy/quartus/nios2eds/bin/gnu/h-x86_64-mingw32/bin/../lib/gcc/nios2-elf/5.3.0/../../../../../H-x86_64-mingw32/nios2-elf/lib/mno-hw-mul\libc.a(lib_a-timesr.o)
 .text._times_r
                0x0000000010002868        0x8 c:/users/kevpy/quartus/nios2eds/bin/gnu/h-x86_64-mingw32/bin/../lib/gcc/nios2-elf/5.3.0/../../../../../H-x86_64-mingw32/nios2-elf/lib/mno-hw-mul\libc.a(lib_a-timesr.o)
                0x0000000010002868                _times_r
 .text          0x0000000010002870        0x0 c:/users/kevpy/quartus/nios2eds/bin/gnu/h-x86_64-mingw32/bin/../lib/gcc/nios2-elf/5.3.0/../../../../../H-x86_64-mingw32/nios2-elf/lib/mno-hw-mul\libc.a(lib_a-vfprintf.o)
 .text.___vfprintf_internal_r
                0x0000000010002870     0x22dc c:/users/kevpy/quartus/nios2eds/bin/gnu/h-x86_64-mingw32/bin/../lib/gcc/nios2-elf/5.3.0/../../../../../H-x86_64-mingw32/nios2-elf/lib/mno-hw-mul\libc.a(lib_a-vfprintf.o)
                0x0000000010002870                ___vfprintf_internal_r
 .text.__vfprintf_internal
                0x0000000010004b4c       0x1c c:/users/kevpy/quartus/nios2eds/bin/gnu/h-x86_64-mingw32/bin/../lib/gcc/nios2-elf/5.3.0/../../../../../H-x86_64-mingw32/nios2-elf/lib/mno-hw-mul\libc.a(lib_a-vfprintf.o)
                0x0000000010004b4c                __vfprintf_internal
 .text.__sbprintf
                0x0000000010004b68       0xbc c:/users/kevpy/quartus/nios2eds/bin/gnu/h-x86_64-mingw32/bin/../lib/gcc/nios2-elf/5.3.0/../../../../../H-x86_64-mingw32/nios2-elf/lib/mno-hw-mul\libc.a(lib_a-vfprintf.o)
 .text          0x0000000010004c24        0x0 c:/users/kevpy/quartus/nios2eds/bin/gnu/h-x86_64-mingw32/bin/../lib/gcc/nios2-elf/5.3.0/../../../../../H-x86_64-mingw32/nios2-elf/lib/mno-hw-mul\libc.a(lib_a-vfscanf.o)
 .text.__svfscanf_r
                0x0000000010004c24     0x198c c:/users/kevpy/quartus/nios2eds/bin/gnu/h-x86_64-mingw32/bin/../lib/gcc/nios2-elf/5.3.0/../../../../../H-x86_64-mingw32/nios2-elf/lib/mno-hw-mul\libc.a(lib_a-vfscanf.o)
                0x0000000010004c24                __svfscanf_r
 .text.vfscanf  0x00000000100065b0       0x68 c:/users/kevpy/quartus/nios2eds/bin/gnu/h-x86_64-mingw32/bin/../lib/gcc/nios2-elf/5.3.0/../../../../../H-x86_64-mingw32/nios2-elf/lib/mno-hw-mul\libc.a(lib_a-vfscanf.o)
                0x00000000100065b0                vfscanf
 .text.__svfscanf
                0x0000000010006618       0x1c c:/users/kevpy/quartus/nios2eds/bin/gnu/h-x86_64-mingw32/bin/../lib/gcc/nios2-elf/5.3.0/../../../../../H-x86_64-mingw32/nios2-elf/lib/mno-hw-mul\libc.a(lib_a-vfscanf.o)
                0x0000000010006618                __svfscanf
 .text._vfscanf_r
                0x0000000010006634       0x4c c:/users/kevpy/quartus/nios2eds/bin/gnu/h-x86_64-mingw32/bin/../lib/gcc/nios2-elf/5.3.0/../../../../../H-x86_64-mingw32/nios2-elf/lib/mno-hw-mul\libc.a(lib_a-vfscanf.o)
                0x0000000010006634                _vfscanf_r
 .text          0x0000000010006680        0x0 c:/users/kevpy/quartus/nios2eds/bin/gnu/h-x86_64-mingw32/bin/../lib/gcc/nios2-elf/5.3.0/../../../../../H-x86_64-mingw32/nios2-elf/lib/mno-hw-mul\libc.a(lib_a-wsetup.o)
 .text.__swsetup_r
                0x0000000010006680      0x154 c:/users/kevpy/quartus/nios2eds/bin/gnu/h-x86_64-mingw32/bin/../lib/gcc/nios2-elf/5.3.0/../../../../../H-x86_64-mingw32/nios2-elf/lib/mno-hw-mul\libc.a(lib_a-wsetup.o)
                0x0000000010006680                __swsetup_r
 .text          0x00000000100067d4        0x0 c:/users/kevpy/quartus/nios2eds/bin/gnu/h-x86_64-mingw32/bin/../lib/gcc/nios2-elf/5.3.0/../../../../../H-x86_64-mingw32/nios2-elf/lib/mno-hw-mul\libc.a(lib_a-ctype_.o)
 .text          0x00000000100067d4        0x0 c:/users/kevpy/quartus/nios2eds/bin/gnu/h-x86_64-mingw32/bin/../lib/gcc/nios2-elf/5.3.0/../../../../../H-x86_64-mingw32/nios2-elf/lib/mno-hw-mul\libc.a(lib_a-dtoa.o)
 .text.quorem   0x00000000100067d4      0x228 c:/users/kevpy/quartus/nios2eds/bin/gnu/h-x86_64-mingw32/bin/../lib/gcc/nios2-elf/5.3.0/../../../../../H-x86_64-mingw32/nios2-elf/lib/mno-hw-mul\libc.a(lib_a-dtoa.o)
 .text._dtoa_r  0x00000000100069fc     0x1688 c:/users/kevpy/quartus/nios2eds/bin/gnu/h-x86_64-mingw32/bin/../lib/gcc/nios2-elf/5.3.0/../../../../../H-x86_64-mingw32/nios2-elf/lib/mno-hw-mul\libc.a(lib_a-dtoa.o)
                0x00000000100069fc                _dtoa_r
 .text          0x0000000010008084        0x0 c:/users/kevpy/quartus/nios2eds/bin/gnu/h-x86_64-mingw32/bin/../lib/gcc/nios2-elf/5.3.0/../../../../../H-x86_64-mingw32/nios2-elf/lib/mno-hw-mul\libc.a(lib_a-fflush.o)
 .text.__sflush_r
                0x0000000010008084      0x21c c:/users/kevpy/quartus/nios2eds/bin/gnu/h-x86_64-mingw32/bin/../lib/gcc/nios2-elf/5.3.0/../../../../../H-x86_64-mingw32/nios2-elf/lib/mno-hw-mul\libc.a(lib_a-fflush.o)
                0x0000000010008084                __sflush_r
 .text._fflush_r
                0x00000000100082a0       0x5c c:/users/kevpy/quartus/nios2eds/bin/gnu/h-x86_64-mingw32/bin/../lib/gcc/nios2-elf/5.3.0/../../../../../H-x86_64-mingw32/nios2-elf/lib/mno-hw-mul\libc.a(lib_a-fflush.o)
                0x00000000100082a0                _fflush_r
 .text.fflush   0x00000000100082fc       0x30 c:/users/kevpy/quartus/nios2eds/bin/gnu/h-x86_64-mingw32/bin/../lib/gcc/nios2-elf/5.3.0/../../../../../H-x86_64-mingw32/nios2-elf/lib/mno-hw-mul\libc.a(lib_a-fflush.o)
                0x00000000100082fc                fflush
 .text          0x000000001000832c        0x0 c:/users/kevpy/quartus/nios2eds/bin/gnu/h-x86_64-mingw32/bin/../lib/gcc/nios2-elf/5.3.0/../../../../../H-x86_64-mingw32/nios2-elf/lib/mno-hw-mul\libc.a(lib_a-findfp.o)
 .text.__fp_unlock
                0x000000001000832c        0x8 c:/users/kevpy/quartus/nios2eds/bin/gnu/h-x86_64-mingw32/bin/../lib/gcc/nios2-elf/5.3.0/../../../../../H-x86_64-mingw32/nios2-elf/lib/mno-hw-mul\libc.a(lib_a-findfp.o)
 .text._cleanup_r
                0x0000000010008334        0xc c:/users/kevpy/quartus/nios2eds/bin/gnu/h-x86_64-mingw32/bin/../lib/gcc/nios2-elf/5.3.0/../../../../../H-x86_64-mingw32/nios2-elf/lib/mno-hw-mul\libc.a(lib_a-findfp.o)
                0x0000000010008334                _cleanup_r
 .text.__sinit.part.1
                0x0000000010008340      0x19c c:/users/kevpy/quartus/nios2eds/bin/gnu/h-x86_64-mingw32/bin/../lib/gcc/nios2-elf/5.3.0/../../../../../H-x86_64-mingw32/nios2-elf/lib/mno-hw-mul\libc.a(lib_a-findfp.o)
 .text.__fp_lock
                0x00000000100084dc        0x8 c:/users/kevpy/quartus/nios2eds/bin/gnu/h-x86_64-mingw32/bin/../lib/gcc/nios2-elf/5.3.0/../../../../../H-x86_64-mingw32/nios2-elf/lib/mno-hw-mul\libc.a(lib_a-findfp.o)
 .text.__sfmoreglue
                0x00000000100084e4       0x78 c:/users/kevpy/quartus/nios2eds/bin/gnu/h-x86_64-mingw32/bin/../lib/gcc/nios2-elf/5.3.0/../../../../../H-x86_64-mingw32/nios2-elf/lib/mno-hw-mul\libc.a(lib_a-findfp.o)
                0x00000000100084e4                __sfmoreglue
 .text.__sfp    0x000000001000855c      0x118 c:/users/kevpy/quartus/nios2eds/bin/gnu/h-x86_64-mingw32/bin/../lib/gcc/nios2-elf/5.3.0/../../../../../H-x86_64-mingw32/nios2-elf/lib/mno-hw-mul\libc.a(lib_a-findfp.o)
                0x000000001000855c                __sfp
 .text._cleanup
                0x0000000010008674       0x18 c:/users/kevpy/quartus/nios2eds/bin/gnu/h-x86_64-mingw32/bin/../lib/gcc/nios2-elf/5.3.0/../../../../../H-x86_64-mingw32/nios2-elf/lib/mno-hw-mul\libc.a(lib_a-findfp.o)
                0x0000000010008674                _cleanup
 .text.__sinit  0x000000001000868c       0x10 c:/users/kevpy/quartus/nios2eds/bin/gnu/h-x86_64-mingw32/bin/../lib/gcc/nios2-elf/5.3.0/../../../../../H-x86_64-mingw32/nios2-elf/lib/mno-hw-mul\libc.a(lib_a-findfp.o)
                0x000000001000868c                __sinit
 .text.__sfp_lock_acquire
                0x000000001000869c        0x4 c:/users/kevpy/quartus/nios2eds/bin/gnu/h-x86_64-mingw32/bin/../lib/gcc/nios2-elf/5.3.0/../../../../../H-x86_64-mingw32/nios2-elf/lib/mno-hw-mul\libc.a(lib_a-findfp.o)
                0x000000001000869c                __sfp_lock_acquire
 .text.__sfp_lock_release
                0x00000000100086a0        0x4 c:/users/kevpy/quartus/nios2eds/bin/gnu/h-x86_64-mingw32/bin/../lib/gcc/nios2-elf/5.3.0/../../../../../H-x86_64-mingw32/nios2-elf/lib/mno-hw-mul\libc.a(lib_a-findfp.o)
                0x00000000100086a0                __sfp_lock_release
 .text.__sinit_lock_acquire
                0x00000000100086a4        0x4 c:/users/kevpy/quartus/nios2eds/bin/gnu/h-x86_64-mingw32/bin/../lib/gcc/nios2-elf/5.3.0/../../../../../H-x86_64-mingw32/nios2-elf/lib/mno-hw-mul\libc.a(lib_a-findfp.o)
                0x00000000100086a4                __sinit_lock_acquire
 .text.__sinit_lock_release
                0x00000000100086a8        0x4 c:/users/kevpy/quartus/nios2eds/bin/gnu/h-x86_64-mingw32/bin/../lib/gcc/nios2-elf/5.3.0/../../../../../H-x86_64-mingw32/nios2-elf/lib/mno-hw-mul\libc.a(lib_a-findfp.o)
                0x00000000100086a8                __sinit_lock_release
 .text.__fp_lock_all
                0x00000000100086ac       0x18 c:/users/kevpy/quartus/nios2eds/bin/gnu/h-x86_64-mingw32/bin/../lib/gcc/nios2-elf/5.3.0/../../../../../H-x86_64-mingw32/nios2-elf/lib/mno-hw-mul\libc.a(lib_a-findfp.o)
                0x00000000100086ac                __fp_lock_all
 .text.__fp_unlock_all
                0x00000000100086c4       0x18 c:/users/kevpy/quartus/nios2eds/bin/gnu/h-x86_64-mingw32/bin/../lib/gcc/nios2-elf/5.3.0/../../../../../H-x86_64-mingw32/nios2-elf/lib/mno-hw-mul\libc.a(lib_a-findfp.o)
                0x00000000100086c4                __fp_unlock_all
 .text          0x00000000100086dc        0x0 c:/users/kevpy/quartus/nios2eds/bin/gnu/h-x86_64-mingw32/bin/../lib/gcc/nios2-elf/5.3.0/../../../../../H-x86_64-mingw32/nios2-elf/lib/mno-hw-mul\libc.a(lib_a-fread.o)
 .text._fread_r
                0x00000000100086dc      0x23c c:/users/kevpy/quartus/nios2eds/bin/gnu/h-x86_64-mingw32/bin/../lib/gcc/nios2-elf/5.3.0/../../../../../H-x86_64-mingw32/nios2-elf/lib/mno-hw-mul\libc.a(lib_a-fread.o)
                0x00000000100086dc                _fread_r
 .text.fread    0x0000000010008918       0x34 c:/users/kevpy/quartus/nios2eds/bin/gnu/h-x86_64-mingw32/bin/../lib/gcc/nios2-elf/5.3.0/../../../../../H-x86_64-mingw32/nios2-elf/lib/mno-hw-mul\libc.a(lib_a-fread.o)
                0x0000000010008918                fread
 .text          0x000000001000894c        0x0 c:/users/kevpy/quartus/nios2eds/bin/gnu/h-x86_64-mingw32/bin/../lib/gcc/nios2-elf/5.3.0/../../../../../H-x86_64-mingw32/nios2-elf/lib/mno-hw-mul\libc.a(lib_a-freer.o)
 .text._malloc_trim_r
                0x000000001000894c      0x124 c:/users/kevpy/quartus/nios2eds/bin/gnu/h-x86_64-mingw32/bin/../lib/gcc/nios2-elf/5.3.0/../../../../../H-x86_64-mingw32/nios2-elf/lib/mno-hw-mul\libc.a(lib_a-freer.o)
                0x000000001000894c                _malloc_trim_r
 .text._free_r  0x0000000010008a70      0x310 c:/users/kevpy/quartus/nios2eds/bin/gnu/h-x86_64-mingw32/bin/../lib/gcc/nios2-elf/5.3.0/../../../../../H-x86_64-mingw32/nios2-elf/lib/mno-hw-mul\libc.a(lib_a-freer.o)
                0x0000000010008a70                _free_r
 .text          0x0000000010008d80        0x0 c:/users/kevpy/quartus/nios2eds/bin/gnu/h-x86_64-mingw32/bin/../lib/gcc/nios2-elf/5.3.0/../../../../../H-x86_64-mingw32/nios2-elf/lib/mno-hw-mul\libc.a(lib_a-fvwrite.o)
 .text.__sfvwrite_r
                0x0000000010008d80      0x4c8 c:/users/kevpy/quartus/nios2eds/bin/gnu/h-x86_64-mingw32/bin/../lib/gcc/nios2-elf/5.3.0/../../../../../H-x86_64-mingw32/nios2-elf/lib/mno-hw-mul\libc.a(lib_a-fvwrite.o)
                0x0000000010008d80                __sfvwrite_r
 .text          0x0000000010009248        0x0 c:/users/kevpy/quartus/nios2eds/bin/gnu/h-x86_64-mingw32/bin/../lib/gcc/nios2-elf/5.3.0/../../../../../H-x86_64-mingw32/nios2-elf/lib/mno-hw-mul\libc.a(lib_a-fwalk.o)
 .text._fwalk   0x0000000010009248       0xc4 c:/users/kevpy/quartus/nios2eds/bin/gnu/h-x86_64-mingw32/bin/../lib/gcc/nios2-elf/5.3.0/../../../../../H-x86_64-mingw32/nios2-elf/lib/mno-hw-mul\libc.a(lib_a-fwalk.o)
                0x0000000010009248                _fwalk
 .text._fwalk_reent
                0x000000001000930c       0xc4 c:/users/kevpy/quartus/nios2eds/bin/gnu/h-x86_64-mingw32/bin/../lib/gcc/nios2-elf/5.3.0/../../../../../H-x86_64-mingw32/nios2-elf/lib/mno-hw-mul\libc.a(lib_a-fwalk.o)
                0x000000001000930c                _fwalk_reent
 .text          0x00000000100093d0        0x0 c:/users/kevpy/quartus/nios2eds/bin/gnu/h-x86_64-mingw32/bin/../lib/gcc/nios2-elf/5.3.0/../../../../../H-x86_64-mingw32/nios2-elf/lib/mno-hw-mul\libc.a(lib_a-iswspace.o)
 .text.iswspace
                0x00000000100093d0       0x30 c:/users/kevpy/quartus/nios2eds/bin/gnu/h-x86_64-mingw32/bin/../lib/gcc/nios2-elf/5.3.0/../../../../../H-x86_64-mingw32/nios2-elf/lib/mno-hw-mul\libc.a(lib_a-iswspace.o)
                0x00000000100093d0                iswspace
 .text          0x0000000010009400        0x0 c:/users/kevpy/quartus/nios2eds/bin/gnu/h-x86_64-mingw32/bin/../lib/gcc/nios2-elf/5.3.0/../../../../../H-x86_64-mingw32/nios2-elf/lib/mno-hw-mul\libc.a(lib_a-locale.o)
 .text._setlocale_r
                0x0000000010009400       0x7c c:/users/kevpy/quartus/nios2eds/bin/gnu/h-x86_64-mingw32/bin/../lib/gcc/nios2-elf/5.3.0/../../../../../H-x86_64-mingw32/nios2-elf/lib/mno-hw-mul\libc.a(lib_a-locale.o)
                0x0000000010009400                _setlocale_r
 .text.__locale_charset
                0x000000001000947c        0xc c:/users/kevpy/quartus/nios2eds/bin/gnu/h-x86_64-mingw32/bin/../lib/gcc/nios2-elf/5.3.0/../../../../../H-x86_64-mingw32/nios2-elf/lib/mno-hw-mul\libc.a(lib_a-locale.o)
                0x000000001000947c                __locale_charset
 .text.__locale_mb_cur_max
                0x0000000010009488       0x10 c:/users/kevpy/quartus/nios2eds/bin/gnu/h-x86_64-mingw32/bin/../lib/gcc/nios2-elf/5.3.0/../../../../../H-x86_64-mingw32/nios2-elf/lib/mno-hw-mul\libc.a(lib_a-locale.o)
                0x0000000010009488                __locale_mb_cur_max
 .text.__locale_msgcharset
                0x0000000010009498        0xc c:/users/kevpy/quartus/nios2eds/bin/gnu/h-x86_64-mingw32/bin/../lib/gcc/nios2-elf/5.3.0/../../../../../H-x86_64-mingw32/nios2-elf/lib/mno-hw-mul\libc.a(lib_a-locale.o)
                0x0000000010009498                __locale_msgcharset
 .text.__locale_cjk_lang
                0x00000000100094a4        0x8 c:/users/kevpy/quartus/nios2eds/bin/gnu/h-x86_64-mingw32/bin/../lib/gcc/nios2-elf/5.3.0/../../../../../H-x86_64-mingw32/nios2-elf/lib/mno-hw-mul\libc.a(lib_a-locale.o)
                0x00000000100094a4                __locale_cjk_lang
 .text._localeconv_r
                0x00000000100094ac        0xc c:/users/kevpy/quartus/nios2eds/bin/gnu/h-x86_64-mingw32/bin/../lib/gcc/nios2-elf/5.3.0/../../../../../H-x86_64-mingw32/nios2-elf/lib/mno-hw-mul\libc.a(lib_a-locale.o)
                0x00000000100094ac                _localeconv_r
 .text.setlocale
                0x00000000100094b8       0x18 c:/users/kevpy/quartus/nios2eds/bin/gnu/h-x86_64-mingw32/bin/../lib/gcc/nios2-elf/5.3.0/../../../../../H-x86_64-mingw32/nios2-elf/lib/mno-hw-mul\libc.a(lib_a-locale.o)
                0x00000000100094b8                setlocale
 .text.localeconv
                0x00000000100094d0        0xc c:/users/kevpy/quartus/nios2eds/bin/gnu/h-x86_64-mingw32/bin/../lib/gcc/nios2-elf/5.3.0/../../../../../H-x86_64-mingw32/nios2-elf/lib/mno-hw-mul\libc.a(lib_a-locale.o)
                0x00000000100094d0                localeconv
 .text          0x00000000100094dc        0x0 c:/users/kevpy/quartus/nios2eds/bin/gnu/h-x86_64-mingw32/bin/../lib/gcc/nios2-elf/5.3.0/../../../../../H-x86_64-mingw32/nios2-elf/lib/mno-hw-mul\libc.a(lib_a-makebuf.o)
 .text.__smakebuf_r
                0x00000000100094dc      0x1bc c:/users/kevpy/quartus/nios2eds/bin/gnu/h-x86_64-mingw32/bin/../lib/gcc/nios2-elf/5.3.0/../../../../../H-x86_64-mingw32/nios2-elf/lib/mno-hw-mul\libc.a(lib_a-makebuf.o)
                0x00000000100094dc                __smakebuf_r
 .text          0x0000000010009698        0x0 c:/users/kevpy/quartus/nios2eds/bin/gnu/h-x86_64-mingw32/bin/../lib/gcc/nios2-elf/5.3.0/../../../../../H-x86_64-mingw32/nios2-elf/lib/mno-hw-mul\libc.a(lib_a-mallocr.o)
 .text._malloc_r
                0x0000000010009698      0x80c c:/users/kevpy/quartus/nios2eds/bin/gnu/h-x86_64-mingw32/bin/../lib/gcc/nios2-elf/5.3.0/../../../../../H-x86_64-mingw32/nios2-elf/lib/mno-hw-mul\libc.a(lib_a-mallocr.o)
                0x0000000010009698                _malloc_r
 .text          0x0000000010009ea4        0x0 c:/users/kevpy/quartus/nios2eds/bin/gnu/h-x86_64-mingw32/bin/../lib/gcc/nios2-elf/5.3.0/../../../../../H-x86_64-mingw32/nios2-elf/lib/mno-hw-mul\libc.a(lib_a-mbrtowc.o)
 .text._mbrtowc_r
                0x0000000010009ea4       0xac c:/users/kevpy/quartus/nios2eds/bin/gnu/h-x86_64-mingw32/bin/../lib/gcc/nios2-elf/5.3.0/../../../../../H-x86_64-mingw32/nios2-elf/lib/mno-hw-mul\libc.a(lib_a-mbrtowc.o)
                0x0000000010009ea4                _mbrtowc_r
 .text.mbrtowc  0x0000000010009f50       0xd8 c:/users/kevpy/quartus/nios2eds/bin/gnu/h-x86_64-mingw32/bin/../lib/gcc/nios2-elf/5.3.0/../../../../../H-x86_64-mingw32/nios2-elf/lib/mno-hw-mul\libc.a(lib_a-mbrtowc.o)
                0x0000000010009f50                mbrtowc
 .text          0x000000001000a028        0x0 c:/users/kevpy/quartus/nios2eds/bin/gnu/h-x86_64-mingw32/bin/../lib/gcc/nios2-elf/5.3.0/../../../../../H-x86_64-mingw32/nios2-elf/lib/mno-hw-mul\libc.a(lib_a-mbtowc_r.o)
 .text.__ascii_mbtowc
                0x000000001000a028       0x44 c:/users/kevpy/quartus/nios2eds/bin/gnu/h-x86_64-mingw32/bin/../lib/gcc/nios2-elf/5.3.0/../../../../../H-x86_64-mingw32/nios2-elf/lib/mno-hw-mul\libc.a(lib_a-mbtowc_r.o)
                0x000000001000a028                __ascii_mbtowc
 .text._mbtowc_r
                0x000000001000a06c       0x5c c:/users/kevpy/quartus/nios2eds/bin/gnu/h-x86_64-mingw32/bin/../lib/gcc/nios2-elf/5.3.0/../../../../../H-x86_64-mingw32/nios2-elf/lib/mno-hw-mul\libc.a(lib_a-mbtowc_r.o)
                0x000000001000a06c                _mbtowc_r
 .text          0x000000001000a0c8        0x0 c:/users/kevpy/quartus/nios2eds/bin/gnu/h-x86_64-mingw32/bin/../lib/gcc/nios2-elf/5.3.0/../../../../../H-x86_64-mingw32/nios2-elf/lib/mno-hw-mul\libc.a(lib_a-memchr.o)
 .text.memchr   0x000000001000a0c8       0xe4 c:/users/kevpy/quartus/nios2eds/bin/gnu/h-x86_64-mingw32/bin/../lib/gcc/nios2-elf/5.3.0/../../../../../H-x86_64-mingw32/nios2-elf/lib/mno-hw-mul\libc.a(lib_a-memchr.o)
                0x000000001000a0c8                memchr
 .text          0x000000001000a1ac        0x0 c:/users/kevpy/quartus/nios2eds/bin/gnu/h-x86_64-mingw32/bin/../lib/gcc/nios2-elf/5.3.0/../../../../../H-x86_64-mingw32/nios2-elf/lib/mno-hw-mul\libc.a(lib_a-memmove.o)
 .text.memmove  0x000000001000a1ac      0x15c c:/users/kevpy/quartus/nios2eds/bin/gnu/h-x86_64-mingw32/bin/../lib/gcc/nios2-elf/5.3.0/../../../../../H-x86_64-mingw32/nios2-elf/lib/mno-hw-mul\libc.a(lib_a-memmove.o)
                0x000000001000a1ac                memmove
 .text          0x000000001000a308        0x0 c:/users/kevpy/quartus/nios2eds/bin/gnu/h-x86_64-mingw32/bin/../lib/gcc/nios2-elf/5.3.0/../../../../../H-x86_64-mingw32/nios2-elf/lib/mno-hw-mul\libc.a(lib_a-mprec.o)
 .text._Balloc  0x000000001000a308       0xa8 c:/users/kevpy/quartus/nios2eds/bin/gnu/h-x86_64-mingw32/bin/../lib/gcc/nios2-elf/5.3.0/../../../../../H-x86_64-mingw32/nios2-elf/lib/mno-hw-mul\libc.a(lib_a-mprec.o)
                0x000000001000a308                _Balloc
 .text._Bfree   0x000000001000a3b0       0x28 c:/users/kevpy/quartus/nios2eds/bin/gnu/h-x86_64-mingw32/bin/../lib/gcc/nios2-elf/5.3.0/../../../../../H-x86_64-mingw32/nios2-elf/lib/mno-hw-mul\libc.a(lib_a-mprec.o)
                0x000000001000a3b0                _Bfree
 .text.__multadd
                0x000000001000a3d8      0x148 c:/users/kevpy/quartus/nios2eds/bin/gnu/h-x86_64-mingw32/bin/../lib/gcc/nios2-elf/5.3.0/../../../../../H-x86_64-mingw32/nios2-elf/lib/mno-hw-mul\libc.a(lib_a-mprec.o)
                0x000000001000a3d8                __multadd
 .text.__s2b    0x000000001000a520      0x104 c:/users/kevpy/quartus/nios2eds/bin/gnu/h-x86_64-mingw32/bin/../lib/gcc/nios2-elf/5.3.0/../../../../../H-x86_64-mingw32/nios2-elf/lib/mno-hw-mul\libc.a(lib_a-mprec.o)
                0x000000001000a520                __s2b
 .text.__hi0bits
                0x000000001000a624       0x68 c:/users/kevpy/quartus/nios2eds/bin/gnu/h-x86_64-mingw32/bin/../lib/gcc/nios2-elf/5.3.0/../../../../../H-x86_64-mingw32/nios2-elf/lib/mno-hw-mul\libc.a(lib_a-mprec.o)
                0x000000001000a624                __hi0bits
 .text.__lo0bits
                0x000000001000a68c       0xb0 c:/users/kevpy/quartus/nios2eds/bin/gnu/h-x86_64-mingw32/bin/../lib/gcc/nios2-elf/5.3.0/../../../../../H-x86_64-mingw32/nios2-elf/lib/mno-hw-mul\libc.a(lib_a-mprec.o)
                0x000000001000a68c                __lo0bits
 .text.__i2b    0x000000001000a73c       0x3c c:/users/kevpy/quartus/nios2eds/bin/gnu/h-x86_64-mingw32/bin/../lib/gcc/nios2-elf/5.3.0/../../../../../H-x86_64-mingw32/nios2-elf/lib/mno-hw-mul\libc.a(lib_a-mprec.o)
                0x000000001000a73c                __i2b
 .text.__multiply
                0x000000001000a778      0x28c c:/users/kevpy/quartus/nios2eds/bin/gnu/h-x86_64-mingw32/bin/../lib/gcc/nios2-elf/5.3.0/../../../../../H-x86_64-mingw32/nios2-elf/lib/mno-hw-mul\libc.a(lib_a-mprec.o)
                0x000000001000a778                __multiply
 .text.__pow5mult
                0x000000001000aa04      0x140 c:/users/kevpy/quartus/nios2eds/bin/gnu/h-x86_64-mingw32/bin/../lib/gcc/nios2-elf/5.3.0/../../../../../H-x86_64-mingw32/nios2-elf/lib/mno-hw-mul\libc.a(lib_a-mprec.o)
                0x000000001000aa04                __pow5mult
 .text.__lshift
                0x000000001000ab44      0x148 c:/users/kevpy/quartus/nios2eds/bin/gnu/h-x86_64-mingw32/bin/../lib/gcc/nios2-elf/5.3.0/../../../../../H-x86_64-mingw32/nios2-elf/lib/mno-hw-mul\libc.a(lib_a-mprec.o)
                0x000000001000ab44                __lshift
 .text.__mcmp   0x000000001000ac8c       0x60 c:/users/kevpy/quartus/nios2eds/bin/gnu/h-x86_64-mingw32/bin/../lib/gcc/nios2-elf/5.3.0/../../../../../H-x86_64-mingw32/nios2-elf/lib/mno-hw-mul\libc.a(lib_a-mprec.o)
                0x000000001000ac8c                __mcmp
 .text.__mdiff  0x000000001000acec      0x1fc c:/users/kevpy/quartus/nios2eds/bin/gnu/h-x86_64-mingw32/bin/../lib/gcc/nios2-elf/5.3.0/../../../../../H-x86_64-mingw32/nios2-elf/lib/mno-hw-mul\libc.a(lib_a-mprec.o)
                0x000000001000acec                __mdiff
 .text.__ulp    0x000000001000aee8       0x64 c:/users/kevpy/quartus/nios2eds/bin/gnu/h-x86_64-mingw32/bin/../lib/gcc/nios2-elf/5.3.0/../../../../../H-x86_64-mingw32/nios2-elf/lib/mno-hw-mul\libc.a(lib_a-mprec.o)
                0x000000001000aee8                __ulp
 .text.__b2d    0x000000001000af4c      0x10c c:/users/kevpy/quartus/nios2eds/bin/gnu/h-x86_64-mingw32/bin/../lib/gcc/nios2-elf/5.3.0/../../../../../H-x86_64-mingw32/nios2-elf/lib/mno-hw-mul\libc.a(lib_a-mprec.o)
                0x000000001000af4c                __b2d
 .text.__d2b    0x000000001000b058      0x14c c:/users/kevpy/quartus/nios2eds/bin/gnu/h-x86_64-mingw32/bin/../lib/gcc/nios2-elf/5.3.0/../../../../../H-x86_64-mingw32/nios2-elf/lib/mno-hw-mul\libc.a(lib_a-mprec.o)
                0x000000001000b058                __d2b
 .text.__ratio  0x000000001000b1a4       0xa4 c:/users/kevpy/quartus/nios2eds/bin/gnu/h-x86_64-mingw32/bin/../lib/gcc/nios2-elf/5.3.0/../../../../../H-x86_64-mingw32/nios2-elf/lib/mno-hw-mul\libc.a(lib_a-mprec.o)
                0x000000001000b1a4                __ratio
 .text._mprec_log10
                0x000000001000b248       0x74 c:/users/kevpy/quartus/nios2eds/bin/gnu/h-x86_64-mingw32/bin/../lib/gcc/nios2-elf/5.3.0/../../../../../H-x86_64-mingw32/nios2-elf/lib/mno-hw-mul\libc.a(lib_a-mprec.o)
                0x000000001000b248                _mprec_log10
 .text.__copybits
                0x000000001000b2bc       0x78 c:/users/kevpy/quartus/nios2eds/bin/gnu/h-x86_64-mingw32/bin/../lib/gcc/nios2-elf/5.3.0/../../../../../H-x86_64-mingw32/nios2-elf/lib/mno-hw-mul\libc.a(lib_a-mprec.o)
                0x000000001000b2bc                __copybits
 .text.__any_on
                0x000000001000b334       0x8c c:/users/kevpy/quartus/nios2eds/bin/gnu/h-x86_64-mingw32/bin/../lib/gcc/nios2-elf/5.3.0/../../../../../H-x86_64-mingw32/nios2-elf/lib/mno-hw-mul\libc.a(lib_a-mprec.o)
                0x000000001000b334                __any_on
 .text          0x000000001000b3c0        0x0 c:/users/kevpy/quartus/nios2eds/bin/gnu/h-x86_64-mingw32/bin/../lib/gcc/nios2-elf/5.3.0/../../../../../H-x86_64-mingw32/nios2-elf/lib/mno-hw-mul\libc.a(lib_a-putc.o)
 .text._putc_r  0x000000001000b3c0       0xa0 c:/users/kevpy/quartus/nios2eds/bin/gnu/h-x86_64-mingw32/bin/../lib/gcc/nios2-elf/5.3.0/../../../../../H-x86_64-mingw32/nios2-elf/lib/mno-hw-mul\libc.a(lib_a-putc.o)
                0x000000001000b3c0                _putc_r
 .text.putc     0x000000001000b460       0xc8 c:/users/kevpy/quartus/nios2eds/bin/gnu/h-x86_64-mingw32/bin/../lib/gcc/nios2-elf/5.3.0/../../../../../H-x86_64-mingw32/nios2-elf/lib/mno-hw-mul\libc.a(lib_a-putc.o)
                0x000000001000b460                putc
 .text          0x000000001000b528        0x0 c:/users/kevpy/quartus/nios2eds/bin/gnu/h-x86_64-mingw32/bin/../lib/gcc/nios2-elf/5.3.0/../../../../../H-x86_64-mingw32/nios2-elf/lib/mno-hw-mul\libc.a(lib_a-reallocr.o)
 .text._realloc_r
                0x000000001000b528      0x564 c:/users/kevpy/quartus/nios2eds/bin/gnu/h-x86_64-mingw32/bin/../lib/gcc/nios2-elf/5.3.0/../../../../../H-x86_64-mingw32/nios2-elf/lib/mno-hw-mul\libc.a(lib_a-reallocr.o)
                0x000000001000b528                _realloc_r
 .text          0x000000001000ba8c        0x0 c:/users/kevpy/quartus/nios2eds/bin/gnu/h-x86_64-mingw32/bin/../lib/gcc/nios2-elf/5.3.0/../../../../../H-x86_64-mingw32/nios2-elf/lib/mno-hw-mul\libc.a(lib_a-refill.o)
 .text.lflush   0x000000001000ba8c       0x1c c:/users/kevpy/quartus/nios2eds/bin/gnu/h-x86_64-mingw32/bin/../lib/gcc/nios2-elf/5.3.0/../../../../../H-x86_64-mingw32/nios2-elf/lib/mno-hw-mul\libc.a(lib_a-refill.o)
 .text.__srefill_r
                0x000000001000baa8      0x1d4 c:/users/kevpy/quartus/nios2eds/bin/gnu/h-x86_64-mingw32/bin/../lib/gcc/nios2-elf/5.3.0/../../../../../H-x86_64-mingw32/nios2-elf/lib/mno-hw-mul\libc.a(lib_a-refill.o)
                0x000000001000baa8                __srefill_r
 .text          0x000000001000bc7c        0x0 c:/users/kevpy/quartus/nios2eds/bin/gnu/h-x86_64-mingw32/bin/../lib/gcc/nios2-elf/5.3.0/../../../../../H-x86_64-mingw32/nios2-elf/lib/mno-hw-mul\libc.a(lib_a-s_fpclassify.o)
 .text.__fpclassifyd
                0x000000001000bc7c       0x74 c:/users/kevpy/quartus/nios2eds/bin/gnu/h-x86_64-mingw32/bin/../lib/gcc/nios2-elf/5.3.0/../../../../../H-x86_64-mingw32/nios2-elf/lib/mno-hw-mul\libc.a(lib_a-s_fpclassify.o)
                0x000000001000bc7c                __fpclassifyd
 .text          0x000000001000bcf0        0x0 c:/users/kevpy/quartus/nios2eds/bin/gnu/h-x86_64-mingw32/bin/../lib/gcc/nios2-elf/5.3.0/../../../../../H-x86_64-mingw32/nios2-elf/lib/mno-hw-mul\libc.a(lib_a-sbrkr.o)
 .text._sbrk_r  0x000000001000bcf0       0x54 c:/users/kevpy/quartus/nios2eds/bin/gnu/h-x86_64-mingw32/bin/../lib/gcc/nios2-elf/5.3.0/../../../../../H-x86_64-mingw32/nios2-elf/lib/mno-hw-mul\libc.a(lib_a-sbrkr.o)
                0x000000001000bcf0                _sbrk_r
 .text          0x000000001000bd44        0x0 c:/users/kevpy/quartus/nios2eds/bin/gnu/h-x86_64-mingw32/bin/../lib/gcc/nios2-elf/5.3.0/../../../../../H-x86_64-mingw32/nios2-elf/lib/mno-hw-mul\libc.a(lib_a-sccl.o)
 .text.__sccl   0x000000001000bd44       0xd0 c:/users/kevpy/quartus/nios2eds/bin/gnu/h-x86_64-mingw32/bin/../lib/gcc/nios2-elf/5.3.0/../../../../../H-x86_64-mingw32/nios2-elf/lib/mno-hw-mul\libc.a(lib_a-sccl.o)
                0x000000001000bd44                __sccl
 .text          0x000000001000be14        0x0 c:/users/kevpy/quartus/nios2eds/bin/gnu/h-x86_64-mingw32/bin/../lib/gcc/nios2-elf/5.3.0/../../../../../H-x86_64-mingw32/nios2-elf/lib/mno-hw-mul\libc.a(lib_a-sf_nan.o)
 .text.nanf     0x000000001000be14        0x8 c:/users/kevpy/quartus/nios2eds/bin/gnu/h-x86_64-mingw32/bin/../lib/gcc/nios2-elf/5.3.0/../../../../../H-x86_64-mingw32/nios2-elf/lib/mno-hw-mul\libc.a(lib_a-sf_nan.o)
                0x000000001000be14                nanf
 .text          0x000000001000be1c        0x0 c:/users/kevpy/quartus/nios2eds/bin/gnu/h-x86_64-mingw32/bin/../lib/gcc/nios2-elf/5.3.0/../../../../../H-x86_64-mingw32/nios2-elf/lib/mno-hw-mul\libc.a(lib_a-sprintf.o)
 .text._sprintf_r
                0x000000001000be1c       0x58 c:/users/kevpy/quartus/nios2eds/bin/gnu/h-x86_64-mingw32/bin/../lib/gcc/nios2-elf/5.3.0/../../../../../H-x86_64-mingw32/nios2-elf/lib/mno-hw-mul\libc.a(lib_a-sprintf.o)
                0x000000001000be1c                _sprintf_r
 .text.sprintf  0x000000001000be74       0x6c c:/users/kevpy/quartus/nios2eds/bin/gnu/h-x86_64-mingw32/bin/../lib/gcc/nios2-elf/5.3.0/../../../../../H-x86_64-mingw32/nios2-elf/lib/mno-hw-mul\libc.a(lib_a-sprintf.o)
                0x000000001000be74                sprintf
 .text          0x000000001000bee0        0x0 c:/users/kevpy/quartus/nios2eds/bin/gnu/h-x86_64-mingw32/bin/../lib/gcc/nios2-elf/5.3.0/../../../../../H-x86_64-mingw32/nios2-elf/lib/mno-hw-mul\libc.a(lib_a-stdio.o)
 .text.__sread  0x000000001000bee0       0x54 c:/users/kevpy/quartus/nios2eds/bin/gnu/h-x86_64-mingw32/bin/../lib/gcc/nios2-elf/5.3.0/../../../../../H-x86_64-mingw32/nios2-elf/lib/mno-hw-mul\libc.a(lib_a-stdio.o)
                0x000000001000bee0                __sread
 .text.__seofread
                0x000000001000bf34        0x8 c:/users/kevpy/quartus/nios2eds/bin/gnu/h-x86_64-mingw32/bin/../lib/gcc/nios2-elf/5.3.0/../../../../../H-x86_64-mingw32/nios2-elf/lib/mno-hw-mul\libc.a(lib_a-stdio.o)
                0x000000001000bf34                __seofread
 .text.__swrite
                0x000000001000bf3c       0x7c c:/users/kevpy/quartus/nios2eds/bin/gnu/h-x86_64-mingw32/bin/../lib/gcc/nios2-elf/5.3.0/../../../../../H-x86_64-mingw32/nios2-elf/lib/mno-hw-mul\libc.a(lib_a-stdio.o)
                0x000000001000bf3c                __swrite
 .text.__sseek  0x000000001000bfb8       0x5c c:/users/kevpy/quartus/nios2eds/bin/gnu/h-x86_64-mingw32/bin/../lib/gcc/nios2-elf/5.3.0/../../../../../H-x86_64-mingw32/nios2-elf/lib/mno-hw-mul\libc.a(lib_a-stdio.o)
                0x000000001000bfb8                __sseek
 .text.__sclose
                0x000000001000c014        0x8 c:/users/kevpy/quartus/nios2eds/bin/gnu/h-x86_64-mingw32/bin/../lib/gcc/nios2-elf/5.3.0/../../../../../H-x86_64-mingw32/nios2-elf/lib/mno-hw-mul\libc.a(lib_a-stdio.o)
                0x000000001000c014                __sclose
 .text          0x000000001000c01c        0x0 c:/users/kevpy/quartus/nios2eds/bin/gnu/h-x86_64-mingw32/bin/../lib/gcc/nios2-elf/5.3.0/../../../../../H-x86_64-mingw32/nios2-elf/lib/mno-hw-mul\libc.a(lib_a-strcmp.o)
 .text.strcmp   0x000000001000c01c       0xdc c:/users/kevpy/quartus/nios2eds/bin/gnu/h-x86_64-mingw32/bin/../lib/gcc/nios2-elf/5.3.0/../../../../../H-x86_64-mingw32/nios2-elf/lib/mno-hw-mul\libc.a(lib_a-strcmp.o)
                0x000000001000c01c                strcmp
 .text          0x000000001000c0f8        0x0 c:/users/kevpy/quartus/nios2eds/bin/gnu/h-x86_64-mingw32/bin/../lib/gcc/nios2-elf/5.3.0/../../../../../H-x86_64-mingw32/nios2-elf/lib/mno-hw-mul\libc.a(lib_a-strtod.o)
 .text.sulp     0x000000001000c0f8       0x64 c:/users/kevpy/quartus/nios2eds/bin/gnu/h-x86_64-mingw32/bin/../lib/gcc/nios2-elf/5.3.0/../../../../../H-x86_64-mingw32/nios2-elf/lib/mno-hw-mul\libc.a(lib_a-strtod.o)
 .text._strtod_r
                0x000000001000c15c     0x15e4 c:/users/kevpy/quartus/nios2eds/bin/gnu/h-x86_64-mingw32/bin/../lib/gcc/nios2-elf/5.3.0/../../../../../H-x86_64-mingw32/nios2-elf/lib/mno-hw-mul\libc.a(lib_a-strtod.o)
                0x000000001000c15c                _strtod_r
 .text.strtod   0x000000001000d740       0x18 c:/users/kevpy/quartus/nios2eds/bin/gnu/h-x86_64-mingw32/bin/../lib/gcc/nios2-elf/5.3.0/../../../../../H-x86_64-mingw32/nios2-elf/lib/mno-hw-mul\libc.a(lib_a-strtod.o)
                0x000000001000d740                strtod
 .text.strtof   0x000000001000d758      0x100 c:/users/kevpy/quartus/nios2eds/bin/gnu/h-x86_64-mingw32/bin/../lib/gcc/nios2-elf/5.3.0/../../../../../H-x86_64-mingw32/nios2-elf/lib/mno-hw-mul\libc.a(lib_a-strtod.o)
                0x000000001000d758                strtof
 .text          0x000000001000d858        0x0 c:/users/kevpy/quartus/nios2eds/bin/gnu/h-x86_64-mingw32/bin/../lib/gcc/nios2-elf/5.3.0/../../../../../H-x86_64-mingw32/nios2-elf/lib/mno-hw-mul\libc.a(lib_a-strtol.o)
 .text._strtol_r
                0x000000001000d858      0x258 c:/users/kevpy/quartus/nios2eds/bin/gnu/h-x86_64-mingw32/bin/../lib/gcc/nios2-elf/5.3.0/../../../../../H-x86_64-mingw32/nios2-elf/lib/mno-hw-mul\libc.a(lib_a-strtol.o)
                0x000000001000d858                _strtol_r
 .text.strtol   0x000000001000dab0       0x1c c:/users/kevpy/quartus/nios2eds/bin/gnu/h-x86_64-mingw32/bin/../lib/gcc/nios2-elf/5.3.0/../../../../../H-x86_64-mingw32/nios2-elf/lib/mno-hw-mul\libc.a(lib_a-strtol.o)
                0x000000001000dab0                strtol
 .text          0x000000001000dacc        0x0 c:/users/kevpy/quartus/nios2eds/bin/gnu/h-x86_64-mingw32/bin/../lib/gcc/nios2-elf/5.3.0/../../../../../H-x86_64-mingw32/nios2-elf/lib/mno-hw-mul\libc.a(lib_a-strtoll_r.o)
 .text._strtoll_r
                0x000000001000dacc      0x304 c:/users/kevpy/quartus/nios2eds/bin/gnu/h-x86_64-mingw32/bin/../lib/gcc/nios2-elf/5.3.0/../../../../../H-x86_64-mingw32/nios2-elf/lib/mno-hw-mul\libc.a(lib_a-strtoll_r.o)
                0x000000001000dacc                _strtoll_r
 .text          0x000000001000ddd0        0x0 c:/users/kevpy/quartus/nios2eds/bin/gnu/h-x86_64-mingw32/bin/../lib/gcc/nios2-elf/5.3.0/../../../../../H-x86_64-mingw32/nios2-elf/lib/mno-hw-mul\libc.a(lib_a-strtoul.o)
 .text._strtoul_r
                0x000000001000ddd0      0x278 c:/users/kevpy/quartus/nios2eds/bin/gnu/h-x86_64-mingw32/bin/../lib/gcc/nios2-elf/5.3.0/../../../../../H-x86_64-mingw32/nios2-elf/lib/mno-hw-mul\libc.a(lib_a-strtoul.o)
                0x000000001000ddd0                _strtoul_r
 .text.strtoul  0x000000001000e048       0x1c c:/users/kevpy/quartus/nios2eds/bin/gnu/h-x86_64-mingw32/bin/../lib/gcc/nios2-elf/5.3.0/../../../../../H-x86_64-mingw32/nios2-elf/lib/mno-hw-mul\libc.a(lib_a-strtoul.o)
                0x000000001000e048                strtoul
 .text          0x000000001000e064        0x0 c:/users/kevpy/quartus/nios2eds/bin/gnu/h-x86_64-mingw32/bin/../lib/gcc/nios2-elf/5.3.0/../../../../../H-x86_64-mingw32/nios2-elf/lib/mno-hw-mul\libc.a(lib_a-strtoull_r.o)
 .text._strtoull_r
                0x000000001000e064      0x320 c:/users/kevpy/quartus/nios2eds/bin/gnu/h-x86_64-mingw32/bin/../lib/gcc/nios2-elf/5.3.0/../../../../../H-x86_64-mingw32/nios2-elf/lib/mno-hw-mul\libc.a(lib_a-strtoull_r.o)
                0x000000001000e064                _strtoull_r
 .text          0x000000001000e384        0x0 c:/users/kevpy/quartus/nios2eds/bin/gnu/h-x86_64-mingw32/bin/../lib/gcc/nios2-elf/5.3.0/../../../../../H-x86_64-mingw32/nios2-elf/lib/mno-hw-mul\libc.a(lib_a-svfprintf.o)
 .text.___svfprintf_internal_r
                0x000000001000e384     0x22bc c:/users/kevpy/quartus/nios2eds/bin/gnu/h-x86_64-mingw32/bin/../lib/gcc/nios2-elf/5.3.0/../../../../../H-x86_64-mingw32/nios2-elf/lib/mno-hw-mul\libc.a(lib_a-svfprintf.o)
                0x000000001000e384                ___svfprintf_internal_r
 .text          0x0000000010010640        0x0 c:/users/kevpy/quartus/nios2eds/bin/gnu/h-x86_64-mingw32/bin/../lib/gcc/nios2-elf/5.3.0/../../../../../H-x86_64-mingw32/nios2-elf/lib/mno-hw-mul\libc.a(lib_a-ungetc.o)
 .text.__submore
                0x0000000010010640       0xd4 c:/users/kevpy/quartus/nios2eds/bin/gnu/h-x86_64-mingw32/bin/../lib/gcc/nios2-elf/5.3.0/../../../../../H-x86_64-mingw32/nios2-elf/lib/mno-hw-mul\libc.a(lib_a-ungetc.o)
                0x0000000010010640                __submore
 .text._ungetc_r
                0x0000000010010714      0x194 c:/users/kevpy/quartus/nios2eds/bin/gnu/h-x86_64-mingw32/bin/../lib/gcc/nios2-elf/5.3.0/../../../../../H-x86_64-mingw32/nios2-elf/lib/mno-hw-mul\libc.a(lib_a-ungetc.o)
                0x0000000010010714                _ungetc_r
 .text.ungetc   0x00000000100108a8       0x18 c:/users/kevpy/quartus/nios2eds/bin/gnu/h-x86_64-mingw32/bin/../lib/gcc/nios2-elf/5.3.0/../../../../../H-x86_64-mingw32/nios2-elf/lib/mno-hw-mul\libc.a(lib_a-ungetc.o)
                0x00000000100108a8                ungetc
 .text          0x00000000100108c0        0x0 c:/users/kevpy/quartus/nios2eds/bin/gnu/h-x86_64-mingw32/bin/../lib/gcc/nios2-elf/5.3.0/../../../../../H-x86_64-mingw32/nios2-elf/lib/mno-hw-mul\libc.a(lib_a-vfiprintf.o)
 .text.__sprint_r.part.0
                0x00000000100108c0       0xfc c:/users/kevpy/quartus/nios2eds/bin/gnu/h-x86_64-mingw32/bin/../lib/gcc/nios2-elf/5.3.0/../../../../../H-x86_64-mingw32/nios2-elf/lib/mno-hw-mul\libc.a(lib_a-vfiprintf.o)
 .text.__sprint_r
                0x00000000100109bc       0x18 c:/users/kevpy/quartus/nios2eds/bin/gnu/h-x86_64-mingw32/bin/../lib/gcc/nios2-elf/5.3.0/../../../../../H-x86_64-mingw32/nios2-elf/lib/mno-hw-mul\libc.a(lib_a-vfiprintf.o)
                0x00000000100109bc                __sprint_r
 .text.___vfiprintf_internal_r
                0x00000000100109d4     0x150c c:/users/kevpy/quartus/nios2eds/bin/gnu/h-x86_64-mingw32/bin/../lib/gcc/nios2-elf/5.3.0/../../../../../H-x86_64-mingw32/nios2-elf/lib/mno-hw-mul\libc.a(lib_a-vfiprintf.o)
                0x00000000100109d4                ___vfiprintf_internal_r
 .text.__vfiprintf_internal
                0x0000000010011ee0       0x1c c:/users/kevpy/quartus/nios2eds/bin/gnu/h-x86_64-mingw32/bin/../lib/gcc/nios2-elf/5.3.0/../../../../../H-x86_64-mingw32/nios2-elf/lib/mno-hw-mul\libc.a(lib_a-vfiprintf.o)
                0x0000000010011ee0                __vfiprintf_internal
 .text.__sbprintf
                0x0000000010011efc       0xbc c:/users/kevpy/quartus/nios2eds/bin/gnu/h-x86_64-mingw32/bin/../lib/gcc/nios2-elf/5.3.0/../../../../../H-x86_64-mingw32/nios2-elf/lib/mno-hw-mul\libc.a(lib_a-vfiprintf.o)
 .text          0x0000000010011fb8        0x0 c:/users/kevpy/quartus/nios2eds/bin/gnu/h-x86_64-mingw32/bin/../lib/gcc/nios2-elf/5.3.0/../../../../../H-x86_64-mingw32/nios2-elf/lib/mno-hw-mul\libc.a(lib_a-wbuf.o)
 .text.__swbuf_r
                0x0000000010011fb8      0x140 c:/users/kevpy/quartus/nios2eds/bin/gnu/h-x86_64-mingw32/bin/../lib/gcc/nios2-elf/5.3.0/../../../../../H-x86_64-mingw32/nios2-elf/lib/mno-hw-mul\libc.a(lib_a-wbuf.o)
                0x0000000010011fb8                __swbuf_r
 .text.__swbuf  0x00000000100120f8       0x18 c:/users/kevpy/quartus/nios2eds/bin/gnu/h-x86_64-mingw32/bin/../lib/gcc/nios2-elf/5.3.0/../../../../../H-x86_64-mingw32/nios2-elf/lib/mno-hw-mul\libc.a(lib_a-wbuf.o)
                0x00000000100120f8                __swbuf
 .text          0x0000000010012110        0x0 c:/users/kevpy/quartus/nios2eds/bin/gnu/h-x86_64-mingw32/bin/../lib/gcc/nios2-elf/5.3.0/../../../../../H-x86_64-mingw32/nios2-elf/lib/mno-hw-mul\libc.a(lib_a-writer.o)
 .text._write_r
                0x0000000010012110       0x60 c:/users/kevpy/quartus/nios2eds/bin/gnu/h-x86_64-mingw32/bin/../lib/gcc/nios2-elf/5.3.0/../../../../../H-x86_64-mingw32/nios2-elf/lib/mno-hw-mul\libc.a(lib_a-writer.o)
                0x0000000010012110                _write_r
 .text          0x0000000010012170        0x0 c:/users/kevpy/quartus/nios2eds/bin/gnu/h-x86_64-mingw32/bin/../lib/gcc/nios2-elf/5.3.0/../../../../../H-x86_64-mingw32/nios2-elf/lib/mno-hw-mul\libc.a(closer.o)
 .text._close_r
                0x0000000010012170       0x54 c:/users/kevpy/quartus/nios2eds/bin/gnu/h-x86_64-mingw32/bin/../lib/gcc/nios2-elf/5.3.0/../../../../../H-x86_64-mingw32/nios2-elf/lib/mno-hw-mul\libc.a(closer.o)
                0x0000000010012170                _close_r
 .text          0x00000000100121c4        0x0 c:/users/kevpy/quartus/nios2eds/bin/gnu/h-x86_64-mingw32/bin/../lib/gcc/nios2-elf/5.3.0/../../../../../H-x86_64-mingw32/nios2-elf/lib/mno-hw-mul\libc.a(lib_a-callocr.o)
 .text._calloc_r
                0x00000000100121c4       0xdc c:/users/kevpy/quartus/nios2eds/bin/gnu/h-x86_64-mingw32/bin/../lib/gcc/nios2-elf/5.3.0/../../../../../H-x86_64-mingw32/nios2-elf/lib/mno-hw-mul\libc.a(lib_a-callocr.o)
                0x00000000100121c4                _calloc_r
 .text          0x00000000100122a0        0x0 c:/users/kevpy/quartus/nios2eds/bin/gnu/h-x86_64-mingw32/bin/../lib/gcc/nios2-elf/5.3.0/../../../../../H-x86_64-mingw32/nios2-elf/lib/mno-hw-mul\libc.a(lib_a-fclose.o)
 .text._fclose_r
                0x00000000100122a0       0xf0 c:/users/kevpy/quartus/nios2eds/bin/gnu/h-x86_64-mingw32/bin/../lib/gcc/nios2-elf/5.3.0/../../../../../H-x86_64-mingw32/nios2-elf/lib/mno-hw-mul\libc.a(lib_a-fclose.o)
                0x00000000100122a0                _fclose_r
 .text.fclose   0x0000000010012390       0x14 c:/users/kevpy/quartus/nios2eds/bin/gnu/h-x86_64-mingw32/bin/../lib/gcc/nios2-elf/5.3.0/../../../../../H-x86_64-mingw32/nios2-elf/lib/mno-hw-mul\libc.a(lib_a-fclose.o)
                0x0000000010012390                fclose
 .text          0x00000000100123a4        0x0 c:/users/kevpy/quartus/nios2eds/bin/gnu/h-x86_64-mingw32/bin/../lib/gcc/nios2-elf/5.3.0/../../../../../H-x86_64-mingw32/nios2-elf/lib/mno-hw-mul\libc.a(lib_a-fputwc.o)
 .text.__fputwc
                0x00000000100123a4      0x164 c:/users/kevpy/quartus/nios2eds/bin/gnu/h-x86_64-mingw32/bin/../lib/gcc/nios2-elf/5.3.0/../../../../../H-x86_64-mingw32/nios2-elf/lib/mno-hw-mul\libc.a(lib_a-fputwc.o)
                0x00000000100123a4                __fputwc
 .text._fputwc_r
                0x0000000010012508       0x24 c:/users/kevpy/quartus/nios2eds/bin/gnu/h-x86_64-mingw32/bin/../lib/gcc/nios2-elf/5.3.0/../../../../../H-x86_64-mingw32/nios2-elf/lib/mno-hw-mul\libc.a(lib_a-fputwc.o)
                0x0000000010012508                _fputwc_r
 .text.fputwc   0x000000001001252c       0x80 c:/users/kevpy/quartus/nios2eds/bin/gnu/h-x86_64-mingw32/bin/../lib/gcc/nios2-elf/5.3.0/../../../../../H-x86_64-mingw32/nios2-elf/lib/mno-hw-mul\libc.a(lib_a-fputwc.o)
                0x000000001001252c                fputwc
 .text          0x00000000100125ac        0x0 c:/users/kevpy/quartus/nios2eds/bin/gnu/h-x86_64-mingw32/bin/../lib/gcc/nios2-elf/5.3.0/../../../../../H-x86_64-mingw32/nios2-elf/lib/mno-hw-mul\libc.a(lib_a-fstatr.o)
 .text._fstat_r
                0x00000000100125ac       0x5c c:/users/kevpy/quartus/nios2eds/bin/gnu/h-x86_64-mingw32/bin/../lib/gcc/nios2-elf/5.3.0/../../../../../H-x86_64-mingw32/nios2-elf/lib/mno-hw-mul\libc.a(lib_a-fstatr.o)
                0x00000000100125ac                _fstat_r
 .text          0x0000000010012608        0x0 c:/users/kevpy/quartus/nios2eds/bin/gnu/h-x86_64-mingw32/bin/../lib/gcc/nios2-elf/5.3.0/../../../../../H-x86_64-mingw32/nios2-elf/lib/mno-hw-mul\libc.a(lib_a-gdtoa-gethex.o)
 .text.rshift   0x0000000010012608      0x100 c:/users/kevpy/quartus/nios2eds/bin/gnu/h-x86_64-mingw32/bin/../lib/gcc/nios2-elf/5.3.0/../../../../../H-x86_64-mingw32/nios2-elf/lib/mno-hw-mul\libc.a(lib_a-gdtoa-gethex.o)
 .text.__gethex
                0x0000000010012708      0x850 c:/users/kevpy/quartus/nios2eds/bin/gnu/h-x86_64-mingw32/bin/../lib/gcc/nios2-elf/5.3.0/../../../../../H-x86_64-mingw32/nios2-elf/lib/mno-hw-mul\libc.a(lib_a-gdtoa-gethex.o)
                0x0000000010012708                __gethex
 .text          0x0000000010012f58        0x0 c:/users/kevpy/quartus/nios2eds/bin/gnu/h-x86_64-mingw32/bin/../lib/gcc/nios2-elf/5.3.0/../../../../../H-x86_64-mingw32/nios2-elf/lib/mno-hw-mul\libc.a(lib_a-gdtoa-hexnan.o)
 .text.__hexnan
                0x0000000010012f58      0x25c c:/users/kevpy/quartus/nios2eds/bin/gnu/h-x86_64-mingw32/bin/../lib/gcc/nios2-elf/5.3.0/../../../../../H-x86_64-mingw32/nios2-elf/lib/mno-hw-mul\libc.a(lib_a-gdtoa-hexnan.o)
                0x0000000010012f58                __hexnan
 .text          0x00000000100131b4        0x0 c:/users/kevpy/quartus/nios2eds/bin/gnu/h-x86_64-mingw32/bin/../lib/gcc/nios2-elf/5.3.0/../../../../../H-x86_64-mingw32/nios2-elf/lib/mno-hw-mul\libc.a(lib_a-int_errno.o)
 .text          0x00000000100131b4        0x0 c:/users/kevpy/quartus/nios2eds/bin/gnu/h-x86_64-mingw32/bin/../lib/gcc/nios2-elf/5.3.0/../../../../../H-x86_64-mingw32/nios2-elf/lib/mno-hw-mul\libc.a(lib_a-isattyr.o)
 .text._isatty_r
                0x00000000100131b4       0x54 c:/users/kevpy/quartus/nios2eds/bin/gnu/h-x86_64-mingw32/bin/../lib/gcc/nios2-elf/5.3.0/../../../../../H-x86_64-mingw32/nios2-elf/lib/mno-hw-mul\libc.a(lib_a-isattyr.o)
                0x00000000100131b4                _isatty_r
 .text          0x0000000010013208        0x0 c:/users/kevpy/quartus/nios2eds/bin/gnu/h-x86_64-mingw32/bin/../lib/gcc/nios2-elf/5.3.0/../../../../../H-x86_64-mingw32/nios2-elf/lib/mno-hw-mul\libc.a(lib_a-lseekr.o)
 .text._lseek_r
                0x0000000010013208       0x60 c:/users/kevpy/quartus/nios2eds/bin/gnu/h-x86_64-mingw32/bin/../lib/gcc/nios2-elf/5.3.0/../../../../../H-x86_64-mingw32/nios2-elf/lib/mno-hw-mul\libc.a(lib_a-lseekr.o)
                0x0000000010013208                _lseek_r
 .text          0x0000000010013268        0x0 c:/users/kevpy/quartus/nios2eds/bin/gnu/h-x86_64-mingw32/bin/../lib/gcc/nios2-elf/5.3.0/../../../../../H-x86_64-mingw32/nios2-elf/lib/mno-hw-mul\libc.a(lib_a-readr.o)
 .text._read_r  0x0000000010013268       0x60 c:/users/kevpy/quartus/nios2eds/bin/gnu/h-x86_64-mingw32/bin/../lib/gcc/nios2-elf/5.3.0/../../../../../H-x86_64-mingw32/nios2-elf/lib/mno-hw-mul\libc.a(lib_a-readr.o)
                0x0000000010013268                _read_r
 .text          0x00000000100132c8        0x0 c:/users/kevpy/quartus/nios2eds/bin/gnu/h-x86_64-mingw32/bin/../lib/gcc/nios2-elf/5.3.0/../../../../../H-x86_64-mingw32/nios2-elf/lib/mno-hw-mul\libc.a(lib_a-strncmp.o)
 .text.strncmp  0x00000000100132c8       0xd0 c:/users/kevpy/quartus/nios2eds/bin/gnu/h-x86_64-mingw32/bin/../lib/gcc/nios2-elf/5.3.0/../../../../../H-x86_64-mingw32/nios2-elf/lib/mno-hw-mul\libc.a(lib_a-strncmp.o)
                0x00000000100132c8                strncmp
 .text          0x0000000010013398        0x0 c:/users/kevpy/quartus/nios2eds/bin/gnu/h-x86_64-mingw32/bin/../lib/gcc/nios2-elf/5.3.0/../../../../../H-x86_64-mingw32/nios2-elf/lib/mno-hw-mul\libc.a(lib_a-svfiprintf.o)
 .text.__ssprint_r
                0x0000000010013398      0x1d0 c:/users/kevpy/quartus/nios2eds/bin/gnu/h-x86_64-mingw32/bin/../lib/gcc/nios2-elf/5.3.0/../../../../../H-x86_64-mingw32/nios2-elf/lib/mno-hw-mul\libc.a(lib_a-svfiprintf.o)
                0x0000000010013398                __ssprint_r
 .text.___svfiprintf_internal_r
                0x0000000010013568     0x13a0 c:/users/kevpy/quartus/nios2eds/bin/gnu/h-x86_64-mingw32/bin/../lib/gcc/nios2-elf/5.3.0/../../../../../H-x86_64-mingw32/nios2-elf/lib/mno-hw-mul\libc.a(lib_a-svfiprintf.o)
                0x0000000010013568                ___svfiprintf_internal_r
 .text          0x0000000010014908        0x0 c:/users/kevpy/quartus/nios2eds/bin/gnu/h-x86_64-mingw32/bin/../lib/gcc/nios2-elf/5.3.0/../../../../../H-x86_64-mingw32/nios2-elf/lib/mno-hw-mul\libc.a(lib_a-wcrtomb.o)
 .text._wcrtomb_r
                0x0000000010014908       0x9c c:/users/kevpy/quartus/nios2eds/bin/gnu/h-x86_64-mingw32/bin/../lib/gcc/nios2-elf/5.3.0/../../../../../H-x86_64-mingw32/nios2-elf/lib/mno-hw-mul\libc.a(lib_a-wcrtomb.o)
                0x0000000010014908                _wcrtomb_r
 .text.wcrtomb  0x00000000100149a4       0xc0 c:/users/kevpy/quartus/nios2eds/bin/gnu/h-x86_64-mingw32/bin/../lib/gcc/nios2-elf/5.3.0/../../../../../H-x86_64-mingw32/nios2-elf/lib/mno-hw-mul\libc.a(lib_a-wcrtomb.o)
                0x00000000100149a4                wcrtomb
 .text          0x0000000010014a64        0x0 c:/users/kevpy/quartus/nios2eds/bin/gnu/h-x86_64-mingw32/bin/../lib/gcc/nios2-elf/5.3.0/../../../../../H-x86_64-mingw32/nios2-elf/lib/mno-hw-mul\libc.a(lib_a-wctomb_r.o)
 .text.__ascii_wctomb
                0x0000000010014a64       0x30 c:/users/kevpy/quartus/nios2eds/bin/gnu/h-x86_64-mingw32/bin/../lib/gcc/nios2-elf/5.3.0/../../../../../H-x86_64-mingw32/nios2-elf/lib/mno-hw-mul\libc.a(lib_a-wctomb_r.o)
                0x0000000010014a64                __ascii_wctomb
 .text._wctomb_r
                0x0000000010014a94       0x5c c:/users/kevpy/quartus/nios2eds/bin/gnu/h-x86_64-mingw32/bin/../lib/gcc/nios2-elf/5.3.0/../../../../../H-x86_64-mingw32/nios2-elf/lib/mno-hw-mul\libc.a(lib_a-wctomb_r.o)
                0x0000000010014a94                _wctomb_r
 .text          0x0000000010014af0      0x10c c:/users/kevpy/quartus/nios2eds/bin/gnu/h-x86_64-mingw32/bin/../lib/gcc/nios2-elf/5.3.0/mno-hw-mul\libgcc.a(_muldi3.o)
                0x0000000010014af0                __muldi3
 .text          0x0000000010014bfc       0x74 c:/users/kevpy/quartus/nios2eds/bin/gnu/h-x86_64-mingw32/bin/../lib/gcc/nios2-elf/5.3.0/mno-hw-mul\libgcc.a(_fixunsdfsi.o)
                0x0000000010014bfc                __fixunsdfsi
 .text          0x0000000010014c70      0x5fc c:/users/kevpy/quartus/nios2eds/bin/gnu/h-x86_64-mingw32/bin/../lib/gcc/nios2-elf/5.3.0/mno-hw-mul\libgcc.a(_udivdi3.o)
                0x0000000010014c70                __udivdi3
 .text          0x000000001001526c      0x5c4 c:/users/kevpy/quartus/nios2eds/bin/gnu/h-x86_64-mingw32/bin/../lib/gcc/nios2-elf/5.3.0/mno-hw-mul\libgcc.a(_umoddi3.o)
                0x000000001001526c                __umoddi3
 .text          0x0000000010015830       0x78 c:/users/kevpy/quartus/nios2eds/bin/gnu/h-x86_64-mingw32/bin/../lib/gcc/nios2-elf/5.3.0/mno-hw-mul\libgcc.a(eqsf2.o)
                0x0000000010015830                __eqsf2
                0x0000000010015830                __nesf2
 .text          0x00000000100158a8       0xbc c:/users/kevpy/quartus/nios2eds/bin/gnu/h-x86_64-mingw32/bin/../lib/gcc/nios2-elf/5.3.0/mno-hw-mul\libgcc.a(gesf2.o)
                0x00000000100158a8                __gesf2
                0x00000000100158a8                __gtsf2
 .text          0x0000000010015964       0xc8 c:/users/kevpy/quartus/nios2eds/bin/gnu/h-x86_64-mingw32/bin/../lib/gcc/nios2-elf/5.3.0/mno-hw-mul\libgcc.a(lesf2.o)
                0x0000000010015964                __ltsf2
                0x0000000010015964                __lesf2
 .text          0x0000000010015a2c      0x8ac c:/users/kevpy/quartus/nios2eds/bin/gnu/h-x86_64-mingw32/bin/../lib/gcc/nios2-elf/5.3.0/mno-hw-mul\libgcc.a(adddf3.o)
                0x0000000010015a2c                __adddf3
 .text          0x00000000100162d8       0x88 c:/users/kevpy/quartus/nios2eds/bin/gnu/h-x86_64-mingw32/bin/../lib/gcc/nios2-elf/5.3.0/mno-hw-mul\libgcc.a(eqdf2.o)
                0x00000000100162d8                __nedf2
                0x00000000100162d8                __eqdf2
 .text          0x0000000010016360       0xdc c:/users/kevpy/quartus/nios2eds/bin/gnu/h-x86_64-mingw32/bin/../lib/gcc/nios2-elf/5.3.0/mno-hw-mul\libgcc.a(gedf2.o)
                0x0000000010016360                __gedf2
                0x0000000010016360                __gtdf2
 .text          0x000000001001643c       0xf4 c:/users/kevpy/quartus/nios2eds/bin/gnu/h-x86_64-mingw32/bin/../lib/gcc/nios2-elf/5.3.0/mno-hw-mul\libgcc.a(ledf2.o)
                0x000000001001643c                __ledf2
                0x000000001001643c                __ltdf2
 .text          0x0000000010016530      0x86c c:/users/kevpy/quartus/nios2eds/bin/gnu/h-x86_64-mingw32/bin/../lib/gcc/nios2-elf/5.3.0/mno-hw-mul\libgcc.a(muldf3.o)
                0x0000000010016530                __muldf3
 .text          0x0000000010016d9c      0x8fc c:/users/kevpy/quartus/nios2eds/bin/gnu/h-x86_64-mingw32/bin/../lib/gcc/nios2-elf/5.3.0/mno-hw-mul\libgcc.a(subdf3.o)
                0x0000000010016d9c                __subdf3
 .text          0x0000000010017698       0x80 c:/users/kevpy/quartus/nios2eds/bin/gnu/h-x86_64-mingw32/bin/../lib/gcc/nios2-elf/5.3.0/mno-hw-mul\libgcc.a(fixdfsi.o)
                0x0000000010017698                __fixdfsi
 .text          0x0000000010017718      0x1a8 c:/users/kevpy/quartus/nios2eds/bin/gnu/h-x86_64-mingw32/bin/../lib/gcc/nios2-elf/5.3.0/mno-hw-mul\libgcc.a(truncdfsf2.o)
                0x0000000010017718                __truncdfsf2
 .text          0x00000000100178c0      0x114 ../lab9Newsoftware_bsp/\libhal_bsp.a(alt_close.o)
                0x00000000100178fc                close
 .text          0x00000000100179d4       0x2c ../lab9Newsoftware_bsp/\libhal_bsp.a(alt_dev.o)
 .text          0x0000000010017a00        0x0 ../lab9Newsoftware_bsp/\libhal_bsp.a(alt_errno.o)
 .text          0x0000000010017a00       0xf4 ../lab9Newsoftware_bsp/\libhal_bsp.a(alt_fstat.o)
                0x0000000010017a3c                fstat
 .text          0x0000000010017af4       0xe8 ../lab9Newsoftware_bsp/\libhal_bsp.a(alt_isatty.o)
                0x0000000010017b30                isatty
 .text          0x0000000010017bdc       0xec ../lab9Newsoftware_bsp/\libhal_bsp.a(alt_load.o)
                0x0000000010017c44                alt_load
 .text          0x0000000010017cc8      0x118 ../lab9Newsoftware_bsp/\libhal_bsp.a(alt_lseek.o)
                0x0000000010017d04                lseek
 .text          0x0000000010017de0       0x7c ../lab9Newsoftware_bsp/\libhal_bsp.a(alt_main.o)
                0x0000000010017de0                alt_main
 .text          0x0000000010017e5c       0x48 ../lab9Newsoftware_bsp/\libhal_bsp.a(alt_malloc_lock.o)
                0x0000000010017e5c                __malloc_lock
                0x0000000010017e80                __malloc_unlock
 .text          0x0000000010017ea4      0x140 ../lab9Newsoftware_bsp/\libhal_bsp.a(alt_read.o)
                0x0000000010017ee0                read
 .text          0x0000000010017fe4       0x84 ../lab9Newsoftware_bsp/\libhal_bsp.a(alt_release_fd.o)
                0x0000000010017fe4                alt_release_fd
 .text          0x0000000010018068       0xb0 ../lab9Newsoftware_bsp/\libhal_bsp.a(alt_sbrk.o)
                0x0000000010018068                sbrk
 .text          0x0000000010018118       0xb4 ../lab9Newsoftware_bsp/\libhal_bsp.a(alt_times.o)
                0x0000000010018154                times
 .text          0x00000000100181cc      0x13c ../lab9Newsoftware_bsp/\libhal_bsp.a(alt_write.o)
                0x0000000010018208                write
 .text          0x0000000010018308       0xb8 ../lab9Newsoftware_bsp/\libhal_bsp.a(alt_sys_init.o)
                0x000000001001833c                alt_irq_init
                0x0000000010018374                alt_sys_init
 .text          0x00000000100183c0      0x164 ../lab9Newsoftware_bsp/\libhal_bsp.a(altera_avalon_jtag_uart_fd.o)
                0x00000000100183c0                altera_avalon_jtag_uart_read_fd
                0x0000000010018420                altera_avalon_jtag_uart_write_fd
                0x0000000010018480                altera_avalon_jtag_uart_close_fd
                0x00000000100184d0                altera_avalon_jtag_uart_ioctl_fd
 .text          0x0000000010018524      0x3d4 ../lab9Newsoftware_bsp/\libhal_bsp.a(altera_avalon_jtag_uart_init.o)
                0x0000000010018524                altera_avalon_jtag_uart_init
                0x0000000010018890                altera_avalon_jtag_uart_close
 .text          0x00000000100188f8       0xf0 ../lab9Newsoftware_bsp/\libhal_bsp.a(altera_avalon_jtag_uart_ioctl.o)
                0x00000000100188f8                altera_avalon_jtag_uart_ioctl
 .text          0x00000000100189e8      0x21c ../lab9Newsoftware_bsp/\libhal_bsp.a(altera_avalon_jtag_uart_read.o)
                0x00000000100189e8                altera_avalon_jtag_uart_read
 .text          0x0000000010018c04      0x224 ../lab9Newsoftware_bsp/\libhal_bsp.a(altera_avalon_jtag_uart_write.o)
                0x0000000010018c04                altera_avalon_jtag_uart_write
 .text          0x0000000010018e28      0x12c ../lab9Newsoftware_bsp/\libhal_bsp.a(alt_alarm_start.o)
                0x0000000010018e28                alt_alarm_start
 .text          0x0000000010018f54       0x20 ../lab9Newsoftware_bsp/\libhal_bsp.a(alt_dcache_flush_all.o)
                0x0000000010018f54                alt_dcache_flush_all
 .text          0x0000000010018f74       0xe0 ../lab9Newsoftware_bsp/\libhal_bsp.a(alt_dev_llist_insert.o)
                0x0000000010018fb0                alt_dev_llist_insert
 .text          0x0000000010019054       0x60 ../lab9Newsoftware_bsp/\libhal_bsp.a(alt_do_ctors.o)
                0x0000000010019054                _do_ctors
 .text          0x00000000100190b4       0x60 ../lab9Newsoftware_bsp/\libhal_bsp.a(alt_do_dtors.o)
                0x00000000100190b4                _do_dtors
 .text          0x0000000010019114       0x20 ../lab9Newsoftware_bsp/\libhal_bsp.a(alt_icache_flush_all.o)
                0x0000000010019114                alt_icache_flush_all
 .text          0x0000000010019134      0x1b0 ../lab9Newsoftware_bsp/\libhal_bsp.a(alt_iic.o)
                0x0000000010019134                alt_ic_isr_register
                0x0000000010019184                alt_ic_irq_enable
                0x000000001001920c                alt_ic_irq_disable
                0x0000000010019298                alt_ic_irq_enabled
 .text          0x00000000100192e4       0xf0 ../lab9Newsoftware_bsp/\libhal_bsp.a(alt_iic_isr_register.o)
                0x00000000100192e4                alt_iic_isr_register
 .text          0x00000000100193d4      0x160 ../lab9Newsoftware_bsp/\libhal_bsp.a(alt_io_redirect.o)
                0x00000000100194b8                alt_io_redirect
 .text          0x0000000010019534        0x0 ../lab9Newsoftware_bsp/\libhal_bsp.a(alt_irq_entry.o)
 .text          0x0000000010019534        0x0 ../lab9Newsoftware_bsp/\libhal_bsp.a(alt_irq_handler.o)
 .text          0x0000000010019534        0x0 ../lab9Newsoftware_bsp/\libhal_bsp.a(alt_irq_vars.o)
 .text          0x0000000010019534      0x284 ../lab9Newsoftware_bsp/\libhal_bsp.a(alt_open.o)
                0x000000001001965c                open
 .text          0x00000000100197b8      0x1a4 ../lab9Newsoftware_bsp/\libhal_bsp.a(alt_tick.o)
                0x00000000100197b8                alt_alarm_stop
                0x0000000010019854                alt_tick
 .text          0x000000001001995c       0x24 ../lab9Newsoftware_bsp/\libhal_bsp.a(altera_nios2_gen2_irq.o)
                0x000000001001995c                altera_nios2_gen2_irq_init
 .text          0x0000000010019980        0x0 ../lab9Newsoftware_bsp/\libhal_bsp.a(alt_exception_entry.o)
 .text          0x0000000010019980       0x90 ../lab9Newsoftware_bsp/\libhal_bsp.a(alt_find_dev.o)
                0x0000000010019980                alt_find_dev
 .text          0x0000000010019a10      0x108 ../lab9Newsoftware_bsp/\libhal_bsp.a(alt_find_file.o)
                0x0000000010019a10                alt_find_file
 .text          0x0000000010019b18       0xc4 ../lab9Newsoftware_bsp/\libhal_bsp.a(alt_get_fd.o)
                0x0000000010019b18                alt_get_fd
 .text          0x0000000010019bdc       0x9c ../lab9Newsoftware_bsp/\libhal_bsp.a(alt_instruction_exception_entry.o)
                0x0000000010019bdc                alt_exception_cause_generated_bad_addr
 .text          0x0000000010019c78        0x0 c:/users/kevpy/quartus/nios2eds/bin/gnu/h-x86_64-mingw32/bin/../lib/gcc/nios2-elf/5.3.0/../../../../../H-x86_64-mingw32/nios2-elf/lib/mno-hw-mul\libc.a(lib_a-atexit.o)
 .text.atexit   0x0000000010019c78       0x14 c:/users/kevpy/quartus/nios2eds/bin/gnu/h-x86_64-mingw32/bin/../lib/gcc/nios2-elf/5.3.0/../../../../../H-x86_64-mingw32/nios2-elf/lib/mno-hw-mul\libc.a(lib_a-atexit.o)
                0x0000000010019c78                atexit
 .text          0x0000000010019c8c        0x0 c:/users/kevpy/quartus/nios2eds/bin/gnu/h-x86_64-mingw32/bin/../lib/gcc/nios2-elf/5.3.0/../../../../../H-x86_64-mingw32/nios2-elf/lib/mno-hw-mul\libc.a(lib_a-exit.o)
 .text.exit     0x0000000010019c8c       0x38 c:/users/kevpy/quartus/nios2eds/bin/gnu/h-x86_64-mingw32/bin/../lib/gcc/nios2-elf/5.3.0/../../../../../H-x86_64-mingw32/nios2-elf/lib/mno-hw-mul\libc.a(lib_a-exit.o)
                0x0000000010019c8c                exit
 .text          0x0000000010019cc4        0x0 c:/users/kevpy/quartus/nios2eds/bin/gnu/h-x86_64-mingw32/bin/../lib/gcc/nios2-elf/5.3.0/../../../../../H-x86_64-mingw32/nios2-elf/lib/mno-hw-mul\libc.a(lib_a-memcmp.o)
 .text.memcmp   0x0000000010019cc4       0x7c c:/users/kevpy/quartus/nios2eds/bin/gnu/h-x86_64-mingw32/bin/../lib/gcc/nios2-elf/5.3.0/../../../../../H-x86_64-mingw32/nios2-elf/lib/mno-hw-mul\libc.a(lib_a-memcmp.o)
                0x0000000010019cc4                memcmp
 .text          0x0000000010019d40        0x0 c:/users/kevpy/quartus/nios2eds/bin/gnu/h-x86_64-mingw32/bin/../lib/gcc/nios2-elf/5.3.0/../../../../../H-x86_64-mingw32/nios2-elf/lib/mno-hw-mul\libc.a(lib_a-__atexit.o)
 .text.__register_exitproc
                0x0000000010019d40      0x118 c:/users/kevpy/quartus/nios2eds/bin/gnu/h-x86_64-mingw32/bin/../lib/gcc/nios2-elf/5.3.0/../../../../../H-x86_64-mingw32/nios2-elf/lib/mno-hw-mul\libc.a(lib_a-__atexit.o)
                0x0000000010019d40                __register_exitproc
 .text          0x0000000010019e58        0x0 c:/users/kevpy/quartus/nios2eds/bin/gnu/h-x86_64-mingw32/bin/../lib/gcc/nios2-elf/5.3.0/../../../../../H-x86_64-mingw32/nios2-elf/lib/mno-hw-mul\libc.a(lib_a-__call_atexit.o)
 .text.__call_exitprocs
                0x0000000010019e58      0x180 c:/users/kevpy/quartus/nios2eds/bin/gnu/h-x86_64-mingw32/bin/../lib/gcc/nios2-elf/5.3.0/../../../../../H-x86_64-mingw32/nios2-elf/lib/mno-hw-mul\libc.a(lib_a-__call_atexit.o)
                0x0000000010019e58                __call_exitprocs
 .text          0x0000000010019fd8       0x34 ../lab9Newsoftware_bsp/\libhal_bsp.a(alt_exit.o)
                0x0000000010019fd8                _exit
 *(.gnu.warning.*)
 *(.fini)
                [!provide]                        PROVIDE (__etext, ABSOLUTE (.))
                [!provide]                        PROVIDE (_etext, ABSOLUTE (.))
                [!provide]                        PROVIDE (etext, ABSOLUTE (.))
 *(.eh_frame_hdr)
                0x000000001001a00c                . = ALIGN (0x4)
                [!provide]                        PROVIDE (__preinit_array_start, ABSOLUTE (.))
 *(.preinit_array)
                [!provide]                        PROVIDE (__preinit_array_end, ABSOLUTE (.))
                [!provide]                        PROVIDE (__init_array_start, ABSOLUTE (.))
 *(.init_array)
                [!provide]                        PROVIDE (__init_array_end, ABSOLUTE (.))
                [!provide]                        PROVIDE (__fini_array_start, ABSOLUTE (.))
 *(.fini_array)
                [!provide]                        PROVIDE (__fini_array_end, ABSOLUTE (.))
 *(.eh_frame)
 *(.gcc_except_table .gcc_except_table.*)
 *(.dynamic)
                0x000000001001a00c                PROVIDE (__CTOR_LIST__, ABSOLUTE (.))
 *(.ctors)
 *(SORT(.ctors.*))
                0x000000001001a00c                PROVIDE (__CTOR_END__, ABSOLUTE (.))
                0x000000001001a00c                PROVIDE (__DTOR_LIST__, ABSOLUTE (.))
 *(.dtors)
 *(SORT(.dtors.*))
                0x000000001001a00c                PROVIDE (__DTOR_END__, ABSOLUTE (.))
 *(.jcr)
                0x000000001001a00c                . = ALIGN (0x4)

.rodata         0x000000001001a00c      0xa34
                0x000000001001a00c                PROVIDE (__ram_rodata_start, ABSOLUTE (.))
                0x000000001001a00c                . = ALIGN (0x4)
 *(.rodata .rodata.* .gnu.linkonce.r.*)
 .rodata        0x000000001001a00c      0x2e5 obj/default/main.o
                0x000000001001a00c                aes_sbox
                0x000000001001a10c                aes_invsbox
 .rodata        0x000000001001a2f1      0x100 c:/users/kevpy/quartus/nios2eds/bin/gnu/h-x86_64-mingw32/bin/../lib/gcc/nios2-elf/5.3.0/mno-hw-mul\libgcc.a(_clz.o)
                0x000000001001a2f1                __clz_tab
 *fill*         0x000000001001a3f1        0x3 
 .rodata.str1.4
                0x000000001001a3f4        0x2 c:/users/kevpy/quartus/nios2eds/bin/gnu/h-x86_64-mingw32/bin/../lib/gcc/nios2-elf/5.3.0/../../../../../H-x86_64-mingw32/nios2-elf/lib/mno-hw-mul\libc.a(lib_a-impure.o)
 *fill*         0x000000001001a3f6        0x2 
 .rodata.str1.4
                0x000000001001a3f8        0x2 c:/users/kevpy/quartus/nios2eds/bin/gnu/h-x86_64-mingw32/bin/../lib/gcc/nios2-elf/5.3.0/../../../../../H-x86_64-mingw32/nios2-elf/lib/mno-hw-mul\libc.a(lib_a-puts.o)
 *fill*         0x000000001001a3fa        0x2 
 .rodata.str1.4
                0x000000001001a3fc       0x42 c:/users/kevpy/quartus/nios2eds/bin/gnu/h-x86_64-mingw32/bin/../lib/gcc/nios2-elf/5.3.0/../../../../../H-x86_64-mingw32/nios2-elf/lib/mno-hw-mul\libc.a(lib_a-vfprintf.o)
 .rodata.zeroes.4404
                0x000000001001a43e       0x10 c:/users/kevpy/quartus/nios2eds/bin/gnu/h-x86_64-mingw32/bin/../lib/gcc/nios2-elf/5.3.0/../../../../../H-x86_64-mingw32/nios2-elf/lib/mno-hw-mul\libc.a(lib_a-vfprintf.o)
 .rodata.blanks.4403
                0x000000001001a44e       0x10 c:/users/kevpy/quartus/nios2eds/bin/gnu/h-x86_64-mingw32/bin/../lib/gcc/nios2-elf/5.3.0/../../../../../H-x86_64-mingw32/nios2-elf/lib/mno-hw-mul\libc.a(lib_a-vfprintf.o)
 *fill*         0x000000001001a45e        0x2 
 .rodata.str1.4
                0x000000001001a460        0x5 c:/users/kevpy/quartus/nios2eds/bin/gnu/h-x86_64-mingw32/bin/../lib/gcc/nios2-elf/5.3.0/../../../../../H-x86_64-mingw32/nios2-elf/lib/mno-hw-mul\libc.a(lib_a-vfscanf.o)
 *fill*         0x000000001001a465        0x1 
 .rodata.basefix.4359
                0x000000001001a466       0x22 c:/users/kevpy/quartus/nios2eds/bin/gnu/h-x86_64-mingw32/bin/../lib/gcc/nios2-elf/5.3.0/../../../../../H-x86_64-mingw32/nios2-elf/lib/mno-hw-mul\libc.a(lib_a-vfscanf.o)
 .rodata._ctype_
                0x000000001001a488      0x101 c:/users/kevpy/quartus/nios2eds/bin/gnu/h-x86_64-mingw32/bin/../lib/gcc/nios2-elf/5.3.0/../../../../../H-x86_64-mingw32/nios2-elf/lib/mno-hw-mul\libc.a(lib_a-ctype_.o)
                0x000000001001a488                _ctype_
 .rodata._ctype_b
                0x000000001001a589      0x180 c:/users/kevpy/quartus/nios2eds/bin/gnu/h-x86_64-mingw32/bin/../lib/gcc/nios2-elf/5.3.0/../../../../../H-x86_64-mingw32/nios2-elf/lib/mno-hw-mul\libc.a(lib_a-ctype_.o)
 *fill*         0x000000001001a709        0x3 
 .rodata.str1.4
                0x000000001001a70c       0x10 c:/users/kevpy/quartus/nios2eds/bin/gnu/h-x86_64-mingw32/bin/../lib/gcc/nios2-elf/5.3.0/../../../../../H-x86_64-mingw32/nios2-elf/lib/mno-hw-mul\libc.a(lib_a-dtoa.o)
                                         0x12 (size before relaxing)
 .rodata.str1.4
                0x000000001001a71c        0xa c:/users/kevpy/quartus/nios2eds/bin/gnu/h-x86_64-mingw32/bin/../lib/gcc/nios2-elf/5.3.0/../../../../../H-x86_64-mingw32/nios2-elf/lib/mno-hw-mul\libc.a(lib_a-locale.o)
                                         0x12 (size before relaxing)
 .rodata.str1.4
                0x000000001001a726        0x1 c:/users/kevpy/quartus/nios2eds/bin/gnu/h-x86_64-mingw32/bin/../lib/gcc/nios2-elf/5.3.0/../../../../../H-x86_64-mingw32/nios2-elf/lib/mno-hw-mul\libc.a(lib_a-mbrtowc.o)
 *fill*         0x000000001001a726        0x2 
 .rodata.p05.2768
                0x000000001001a728        0xc c:/users/kevpy/quartus/nios2eds/bin/gnu/h-x86_64-mingw32/bin/../lib/gcc/nios2-elf/5.3.0/../../../../../H-x86_64-mingw32/nios2-elf/lib/mno-hw-mul\libc.a(lib_a-mprec.o)
 .rodata.__mprec_tinytens
                0x000000001001a734       0x28 c:/users/kevpy/quartus/nios2eds/bin/gnu/h-x86_64-mingw32/bin/../lib/gcc/nios2-elf/5.3.0/../../../../../H-x86_64-mingw32/nios2-elf/lib/mno-hw-mul\libc.a(lib_a-mprec.o)
                0x000000001001a734                __mprec_tinytens
 .rodata.__mprec_bigtens
                0x000000001001a75c       0x28 c:/users/kevpy/quartus/nios2eds/bin/gnu/h-x86_64-mingw32/bin/../lib/gcc/nios2-elf/5.3.0/../../../../../H-x86_64-mingw32/nios2-elf/lib/mno-hw-mul\libc.a(lib_a-mprec.o)
                0x000000001001a75c                __mprec_bigtens
 .rodata.__mprec_tens
                0x000000001001a784       0xc8 c:/users/kevpy/quartus/nios2eds/bin/gnu/h-x86_64-mingw32/bin/../lib/gcc/nios2-elf/5.3.0/../../../../../H-x86_64-mingw32/nios2-elf/lib/mno-hw-mul\libc.a(lib_a-mprec.o)
                0x000000001001a784                __mprec_tens
 .rodata.str1.4
                0x000000001001a84c       0x10 c:/users/kevpy/quartus/nios2eds/bin/gnu/h-x86_64-mingw32/bin/../lib/gcc/nios2-elf/5.3.0/../../../../../H-x86_64-mingw32/nios2-elf/lib/mno-hw-mul\libc.a(lib_a-strtod.o)
                                          0xf (size before relaxing)
 .rodata.fpinan.2773
                0x000000001001a85c       0x14 c:/users/kevpy/quartus/nios2eds/bin/gnu/h-x86_64-mingw32/bin/../lib/gcc/nios2-elf/5.3.0/../../../../../H-x86_64-mingw32/nios2-elf/lib/mno-hw-mul\libc.a(lib_a-strtod.o)
 .rodata.fpi.2737
                0x000000001001a870       0x14 c:/users/kevpy/quartus/nios2eds/bin/gnu/h-x86_64-mingw32/bin/../lib/gcc/nios2-elf/5.3.0/../../../../../H-x86_64-mingw32/nios2-elf/lib/mno-hw-mul\libc.a(lib_a-strtod.o)
 .rodata.tinytens
                0x000000001001a884       0x28 c:/users/kevpy/quartus/nios2eds/bin/gnu/h-x86_64-mingw32/bin/../lib/gcc/nios2-elf/5.3.0/../../../../../H-x86_64-mingw32/nios2-elf/lib/mno-hw-mul\libc.a(lib_a-strtod.o)
 .rodata.str1.4
                0x000000001001a8ac       0x42 c:/users/kevpy/quartus/nios2eds/bin/gnu/h-x86_64-mingw32/bin/../lib/gcc/nios2-elf/5.3.0/../../../../../H-x86_64-mingw32/nios2-elf/lib/mno-hw-mul\libc.a(lib_a-svfprintf.o)
 .rodata.zeroes.4389
                0x000000001001a8ac       0x10 c:/users/kevpy/quartus/nios2eds/bin/gnu/h-x86_64-mingw32/bin/../lib/gcc/nios2-elf/5.3.0/../../../../../H-x86_64-mingw32/nios2-elf/lib/mno-hw-mul\libc.a(lib_a-svfprintf.o)
 .rodata.blanks.4388
                0x000000001001a8bc       0x10 c:/users/kevpy/quartus/nios2eds/bin/gnu/h-x86_64-mingw32/bin/../lib/gcc/nios2-elf/5.3.0/../../../../../H-x86_64-mingw32/nios2-elf/lib/mno-hw-mul\libc.a(lib_a-svfprintf.o)
 .rodata.str1.4
                0x000000001001a8cc       0x2f c:/users/kevpy/quartus/nios2eds/bin/gnu/h-x86_64-mingw32/bin/../lib/gcc/nios2-elf/5.3.0/../../../../../H-x86_64-mingw32/nios2-elf/lib/mno-hw-mul\libc.a(lib_a-vfiprintf.o)
 .rodata.zeroes.4349
                0x000000001001a8cc       0x10 c:/users/kevpy/quartus/nios2eds/bin/gnu/h-x86_64-mingw32/bin/../lib/gcc/nios2-elf/5.3.0/../../../../../H-x86_64-mingw32/nios2-elf/lib/mno-hw-mul\libc.a(lib_a-vfiprintf.o)
 .rodata.blanks.4348
                0x000000001001a8dc       0x10 c:/users/kevpy/quartus/nios2eds/bin/gnu/h-x86_64-mingw32/bin/../lib/gcc/nios2-elf/5.3.0/../../../../../H-x86_64-mingw32/nios2-elf/lib/mno-hw-mul\libc.a(lib_a-vfiprintf.o)
 .rodata.__hexdig
                0x000000001001a8ec      0x100 c:/users/kevpy/quartus/nios2eds/bin/gnu/h-x86_64-mingw32/bin/../lib/gcc/nios2-elf/5.3.0/../../../../../H-x86_64-mingw32/nios2-elf/lib/mno-hw-mul\libc.a(lib_a-gdtoa-gethex.o)
                0x000000001001a8ec                __hexdig
 .rodata.str1.4
                0x000000001001a9ec       0x2f c:/users/kevpy/quartus/nios2eds/bin/gnu/h-x86_64-mingw32/bin/../lib/gcc/nios2-elf/5.3.0/../../../../../H-x86_64-mingw32/nios2-elf/lib/mno-hw-mul\libc.a(lib_a-svfiprintf.o)
 .rodata.zeroes.4333
                0x000000001001a9ec       0x10 c:/users/kevpy/quartus/nios2eds/bin/gnu/h-x86_64-mingw32/bin/../lib/gcc/nios2-elf/5.3.0/../../../../../H-x86_64-mingw32/nios2-elf/lib/mno-hw-mul\libc.a(lib_a-svfiprintf.o)
 .rodata.blanks.4332
                0x000000001001a9fc       0x10 c:/users/kevpy/quartus/nios2eds/bin/gnu/h-x86_64-mingw32/bin/../lib/gcc/nios2-elf/5.3.0/../../../../../H-x86_64-mingw32/nios2-elf/lib/mno-hw-mul\libc.a(lib_a-svfiprintf.o)
 .rodata        0x000000001001aa0c        0xa ../lab9Newsoftware_bsp/\libhal_bsp.a(alt_dev.o)
 *fill*         0x000000001001aa16        0x2 
 .rodata        0x000000001001aa18       0x11 ../lab9Newsoftware_bsp/\libhal_bsp.a(alt_main.o)
 *fill*         0x000000001001aa29        0x3 
 .rodata        0x000000001001aa2c       0x11 ../lab9Newsoftware_bsp/\libhal_bsp.a(alt_sys_init.o)
 *(.rodata1)
                0x000000001001aa40                . = ALIGN (0x4)
 *fill*         0x000000001001aa3d        0x3 
                0x000000001001aa40                PROVIDE (__ram_rodata_end, ABSOLUTE (.))
                0x000000001001a00c                PROVIDE (__flash_rodata_start, LOADADDR (.rodata))

.rwdata         0x000000001001aa40     0x2138 load address 0x000000001001cb78
                0x000000001001aa40                PROVIDE (__ram_rwdata_start, ABSOLUTE (.))
                0x000000001001aa40                . = ALIGN (0x4)
 *(.got.plt)
 *(.got)
 *(.data1)
 *(.data .data.* .gnu.linkonce.d.*)
 .data          0x000000001001aa40        0x0 ../lab9Newsoftware_bsp//obj/HAL/src/crt0.o
 .data          0x000000001001aa40      0x640 obj/default/main.o
                0x000000001001aa40                gf_mul
                0x000000001001b040                Rcon
 .data          0x000000001001b080        0x0 c:/users/kevpy/quartus/nios2eds/bin/gnu/h-x86_64-mingw32/bin/../lib/gcc/nios2-elf/5.3.0/mno-hw-mul\libgcc.a(divdf3.o)
 .data          0x000000001001b080        0x0 c:/users/kevpy/quartus/nios2eds/bin/gnu/h-x86_64-mingw32/bin/../lib/gcc/nios2-elf/5.3.0/mno-hw-mul\libgcc.a(floatsidf.o)
 .data          0x000000001001b080        0x0 c:/users/kevpy/quartus/nios2eds/bin/gnu/h-x86_64-mingw32/bin/../lib/gcc/nios2-elf/5.3.0/mno-hw-mul\libgcc.a(floatunsidf.o)
 .data          0x000000001001b080        0x0 c:/users/kevpy/quartus/nios2eds/bin/gnu/h-x86_64-mingw32/bin/../lib/gcc/nios2-elf/5.3.0/mno-hw-mul\libgcc.a(_clzsi2.o)
 .data          0x000000001001b080        0x0 c:/users/kevpy/quartus/nios2eds/bin/gnu/h-x86_64-mingw32/bin/../lib/gcc/nios2-elf/5.3.0/mno-hw-mul\libgcc.a(lib2-divmod.o)
 .data          0x000000001001b080        0x0 c:/users/kevpy/quartus/nios2eds/bin/gnu/h-x86_64-mingw32/bin/../lib/gcc/nios2-elf/5.3.0/mno-hw-mul\libgcc.a(lib2-mul.o)
 .data          0x000000001001b080        0x0 c:/users/kevpy/quartus/nios2eds/bin/gnu/h-x86_64-mingw32/bin/../lib/gcc/nios2-elf/5.3.0/mno-hw-mul\libgcc.a(_clz.o)
 .data          0x000000001001b080        0x0 c:/users/kevpy/quartus/nios2eds/bin/gnu/h-x86_64-mingw32/bin/../lib/gcc/nios2-elf/5.3.0/../../../../../H-x86_64-mingw32/nios2-elf/lib/mno-hw-mul\libc.a(lib_a-clock.o)
 .data          0x000000001001b080        0x0 c:/users/kevpy/quartus/nios2eds/bin/gnu/h-x86_64-mingw32/bin/../lib/gcc/nios2-elf/5.3.0/../../../../../H-x86_64-mingw32/nios2-elf/lib/mno-hw-mul\libc.a(lib_a-impure.o)
 .data.impure_data
                0x000000001001b080      0x424 c:/users/kevpy/quartus/nios2eds/bin/gnu/h-x86_64-mingw32/bin/../lib/gcc/nios2-elf/5.3.0/../../../../../H-x86_64-mingw32/nios2-elf/lib/mno-hw-mul\libc.a(lib_a-impure.o)
 .data          0x000000001001b4a4        0x0 c:/users/kevpy/quartus/nios2eds/bin/gnu/h-x86_64-mingw32/bin/../lib/gcc/nios2-elf/5.3.0/../../../../../H-x86_64-mingw32/nios2-elf/lib/mno-hw-mul\libc.a(lib_a-memcpy.o)
 .data          0x000000001001b4a4        0x0 c:/users/kevpy/quartus/nios2eds/bin/gnu/h-x86_64-mingw32/bin/../lib/gcc/nios2-elf/5.3.0/../../../../../H-x86_64-mingw32/nios2-elf/lib/mno-hw-mul\libc.a(lib_a-memset.o)
 .data          0x000000001001b4a4        0x0 c:/users/kevpy/quartus/nios2eds/bin/gnu/h-x86_64-mingw32/bin/../lib/gcc/nios2-elf/5.3.0/../../../../../H-x86_64-mingw32/nios2-elf/lib/mno-hw-mul\libc.a(lib_a-printf.o)
 .data          0x000000001001b4a4        0x0 c:/users/kevpy/quartus/nios2eds/bin/gnu/h-x86_64-mingw32/bin/../lib/gcc/nios2-elf/5.3.0/../../../../../H-x86_64-mingw32/nios2-elf/lib/mno-hw-mul\libc.a(lib_a-putchar.o)
 .data          0x000000001001b4a4        0x0 c:/users/kevpy/quartus/nios2eds/bin/gnu/h-x86_64-mingw32/bin/../lib/gcc/nios2-elf/5.3.0/../../../../../H-x86_64-mingw32/nios2-elf/lib/mno-hw-mul\libc.a(lib_a-puts.o)
 .data          0x000000001001b4a4        0x0 c:/users/kevpy/quartus/nios2eds/bin/gnu/h-x86_64-mingw32/bin/../lib/gcc/nios2-elf/5.3.0/../../../../../H-x86_64-mingw32/nios2-elf/lib/mno-hw-mul\libc.a(lib_a-scanf.o)
 .data          0x000000001001b4a4        0x0 c:/users/kevpy/quartus/nios2eds/bin/gnu/h-x86_64-mingw32/bin/../lib/gcc/nios2-elf/5.3.0/../../../../../H-x86_64-mingw32/nios2-elf/lib/mno-hw-mul\libc.a(lib_a-strlen.o)
 .data          0x000000001001b4a4        0x0 c:/users/kevpy/quartus/nios2eds/bin/gnu/h-x86_64-mingw32/bin/../lib/gcc/nios2-elf/5.3.0/../../../../../H-x86_64-mingw32/nios2-elf/lib/mno-hw-mul\libc.a(lib_a-timesr.o)
 .data          0x000000001001b4a4        0x0 c:/users/kevpy/quartus/nios2eds/bin/gnu/h-x86_64-mingw32/bin/../lib/gcc/nios2-elf/5.3.0/../../../../../H-x86_64-mingw32/nios2-elf/lib/mno-hw-mul\libc.a(lib_a-vfprintf.o)
 .data          0x000000001001b4a4        0x0 c:/users/kevpy/quartus/nios2eds/bin/gnu/h-x86_64-mingw32/bin/../lib/gcc/nios2-elf/5.3.0/../../../../../H-x86_64-mingw32/nios2-elf/lib/mno-hw-mul\libc.a(lib_a-vfscanf.o)
 .data          0x000000001001b4a4        0x0 c:/users/kevpy/quartus/nios2eds/bin/gnu/h-x86_64-mingw32/bin/../lib/gcc/nios2-elf/5.3.0/../../../../../H-x86_64-mingw32/nios2-elf/lib/mno-hw-mul\libc.a(lib_a-wsetup.o)
 .data          0x000000001001b4a4        0x0 c:/users/kevpy/quartus/nios2eds/bin/gnu/h-x86_64-mingw32/bin/../lib/gcc/nios2-elf/5.3.0/../../../../../H-x86_64-mingw32/nios2-elf/lib/mno-hw-mul\libc.a(lib_a-ctype_.o)
 .data          0x000000001001b4a4        0x0 c:/users/kevpy/quartus/nios2eds/bin/gnu/h-x86_64-mingw32/bin/../lib/gcc/nios2-elf/5.3.0/../../../../../H-x86_64-mingw32/nios2-elf/lib/mno-hw-mul\libc.a(lib_a-dtoa.o)
 .data          0x000000001001b4a4        0x0 c:/users/kevpy/quartus/nios2eds/bin/gnu/h-x86_64-mingw32/bin/../lib/gcc/nios2-elf/5.3.0/../../../../../H-x86_64-mingw32/nios2-elf/lib/mno-hw-mul\libc.a(lib_a-fflush.o)
 .data          0x000000001001b4a4        0x0 c:/users/kevpy/quartus/nios2eds/bin/gnu/h-x86_64-mingw32/bin/../lib/gcc/nios2-elf/5.3.0/../../../../../H-x86_64-mingw32/nios2-elf/lib/mno-hw-mul\libc.a(lib_a-findfp.o)
 .data          0x000000001001b4a4        0x0 c:/users/kevpy/quartus/nios2eds/bin/gnu/h-x86_64-mingw32/bin/../lib/gcc/nios2-elf/5.3.0/../../../../../H-x86_64-mingw32/nios2-elf/lib/mno-hw-mul\libc.a(lib_a-fread.o)
 .data          0x000000001001b4a4        0x0 c:/users/kevpy/quartus/nios2eds/bin/gnu/h-x86_64-mingw32/bin/../lib/gcc/nios2-elf/5.3.0/../../../../../H-x86_64-mingw32/nios2-elf/lib/mno-hw-mul\libc.a(lib_a-freer.o)
 .data          0x000000001001b4a4        0x0 c:/users/kevpy/quartus/nios2eds/bin/gnu/h-x86_64-mingw32/bin/../lib/gcc/nios2-elf/5.3.0/../../../../../H-x86_64-mingw32/nios2-elf/lib/mno-hw-mul\libc.a(lib_a-fvwrite.o)
 .data          0x000000001001b4a4        0x0 c:/users/kevpy/quartus/nios2eds/bin/gnu/h-x86_64-mingw32/bin/../lib/gcc/nios2-elf/5.3.0/../../../../../H-x86_64-mingw32/nios2-elf/lib/mno-hw-mul\libc.a(lib_a-fwalk.o)
 .data          0x000000001001b4a4        0x0 c:/users/kevpy/quartus/nios2eds/bin/gnu/h-x86_64-mingw32/bin/../lib/gcc/nios2-elf/5.3.0/../../../../../H-x86_64-mingw32/nios2-elf/lib/mno-hw-mul\libc.a(lib_a-iswspace.o)
 .data          0x000000001001b4a4        0x0 c:/users/kevpy/quartus/nios2eds/bin/gnu/h-x86_64-mingw32/bin/../lib/gcc/nios2-elf/5.3.0/../../../../../H-x86_64-mingw32/nios2-elf/lib/mno-hw-mul\libc.a(lib_a-locale.o)
 .data.lc_message_charset
                0x000000001001b4a4       0x20 c:/users/kevpy/quartus/nios2eds/bin/gnu/h-x86_64-mingw32/bin/../lib/gcc/nios2-elf/5.3.0/../../../../../H-x86_64-mingw32/nios2-elf/lib/mno-hw-mul\libc.a(lib_a-locale.o)
 .data.lc_ctype_charset
                0x000000001001b4c4       0x20 c:/users/kevpy/quartus/nios2eds/bin/gnu/h-x86_64-mingw32/bin/../lib/gcc/nios2-elf/5.3.0/../../../../../H-x86_64-mingw32/nios2-elf/lib/mno-hw-mul\libc.a(lib_a-locale.o)